===== START ENV PREP Fri Mar 20 11:22:21 UTC 2026 =====
===== INSTALL TORCH =====
Using Python 3.10.19 environment at: nvfp4_venv
Resolved 25 packages in 2.10s
Installed 24 packages in 814ms
 + filelock==3.20.0
 + fsspec==2025.12.0
 + jinja2==3.1.6
 + markupsafe==3.0.2
 + mpmath==1.3.0
 + networkx==3.4.2
 + nvidia-cublas-cu12==12.8.4.1
 + nvidia-cuda-cupti-cu12==12.8.90
 + nvidia-cuda-nvrtc-cu12==12.8.93
 + nvidia-cuda-runtime-cu12==12.8.90
 + nvidia-cudnn-cu12==9.10.2.21
 + nvidia-cufft-cu12==11.3.3.83
 + nvidia-cufile-cu12==1.13.1.3
 + nvidia-curand-cu12==10.3.9.90
 + nvidia-cusolver-cu12==11.7.3.90
 + nvidia-cusparse-cu12==12.5.8.93
 + nvidia-cusparselt-cu12==0.7.1
 + nvidia-nccl-cu12==2.27.3
 + nvidia-nvjitlink-cu12==12.8.93
 + nvidia-nvtx-cu12==12.8.90
 + sympy==1.14.0
 + torch==2.8.0+cu128
 + triton==3.4.0
 + typing-extensions==4.15.0
===== VERIFY TORCH =====
/opt/oldMoney-Project/quantization/nvfp4_venv/lib/python3.10/site-packages/torch/_subclasses/functional_tensor.py:279: UserWarning: Failed to initialize NumPy: No module named 'numpy' (Triggered internally at /pytorch/torch/csrc/utils/tensor_numpy.cpp:81.)
  cpu = _conversion_method_template(device=torch.device("cpu"))
2.8.0+cu128 12.8
['sm_70', 'sm_75', 'sm_80', 'sm_86', 'sm_90', 'sm_100', 'sm_120']
True
===== INSTALL FLASH ATTN =====
Using Python 3.10.19 environment at: nvfp4_venv
Resolved 27 packages in 18ms
Installed 2 packages in 14ms
 + einops==0.8.2
 + flash-attn==2.8.3+cu12torch2.8cxx11abitrue (from file:///opt/oldMoney-Project/quantization/flash_attn-2.8.3+cu12torch2.8cxx11abiTRUE-cp310-cp310-linux_x86_64.whl)
===== INSTALL PYTHON DEPS =====
Hit:1 https://developer.download.nvidia.com/compute/cuda/repos/ubuntu2404/x86_64  InRelease
Hit:2 http://security.ubuntu.com/ubuntu noble-security InRelease
Hit:3 http://archive.ubuntu.com/ubuntu noble InRelease
Hit:4 https://ppa.launchpadcontent.net/deadsnakes/ppa/ubuntu noble InRelease
Hit:5 http://archive.ubuntu.com/ubuntu noble-updates InRelease
Hit:6 http://archive.ubuntu.com/ubuntu noble-backports InRelease
Reading package lists...
W: https://developer.download.nvidia.com/compute/cuda/repos/ubuntu2404/x86_64/InRelease: Key is stored in legacy trusted.gpg keyring (/etc/apt/trusted.gpg), see the DEPRECATION section in apt-key(8) for details.
Reading package lists...
Building dependency tree...
Reading state information...
libpcre3-dev is already the newest version (2:8.39-15build1).
0 upgraded, 0 newly installed, 0 to remove and 96 not upgraded.
Using Python 3.10.19 environment at: nvfp4_venv
Resolved 2 packages in 193ms
Installed 2 packages in 7ms
 + python-pcre==0.7
 + regex==2026.2.28
Using Python 3.10.19 environment at: nvfp4_venv
Resolved 53 packages in 423ms
Installed 26 packages in 238ms
 + annotated-doc==0.0.4
 + anyio==4.12.1
 + certifi==2026.2.25
 + click==8.3.1
 + exceptiongroup==1.3.1
 + fla-core==0.4.2
 + flash-linear-attention==0.4.2
 + h11==0.16.0
 + hf-xet==1.4.2
 + httpcore==1.0.9
 + httpx==0.28.1
 + huggingface-hub==1.7.2
 + idna==3.11
 + markdown-it-py==4.0.0
 + mdurl==0.1.2
 + numpy==2.2.6
 + packaging==26.0
 + pygments==2.19.2
 + pyyaml==6.0.3
 + rich==14.3.3
 + safetensors==0.7.0
 + shellingham==1.5.4
 + tokenizers==0.22.2
 + tqdm==4.67.3
 + transformers==5.3.0
 + typer==0.24.1
Using Python 3.10.19 environment at: nvfp4_venv
Resolved 1 package in 194ms
Installed 1 package in 10ms
 + tokenicer==0.0.11
Using Python 3.10.19 environment at: nvfp4_venv
Resolved 31 packages in 63ms
Installed 6 packages in 99ms
 + pillow==12.1.1
 + protobuf==7.34.0
 + rapidfuzz==3.14.3
 + scipy==1.15.3
 + sentencepiece==0.2.1
 + thefuzz==0.22.1
Using Python 3.10.19 environment at: nvfp4_venv
Resolved 9 packages in 393ms
Installed 9 packages in 45ms
 + appdirs==1.4.4
 + arrow==1.4.0
 + docopt==0.6.2
 + inform==1.36
 + python-dateutil==2.9.0.post0
 + quantiphy==2.21
 + six==1.17.0
 + tvm==1.0.0
 + tzdata==2025.3
Using Python 3.10.19 environment at: nvfp4_venv
Resolved 29 packages in 204ms
Installed 1 package in 10ms
 + defuser==0.0.16
Using Python 3.10.19 environment at: nvfp4_venv
Resolved 88 packages in 242ms
Installed 31 packages in 226ms
 + accelerate==1.13.0
 + aiohappyeyeballs==2.6.1
 + aiohttp==3.13.3
 + aiosignal==1.4.0
 + async-timeout==5.0.1
 + attrs==26.1.0
 + charset-normalizer==3.4.6
 + datasets==4.8.3
 + device-smi==0.5.3
 + dill==0.4.1
 + frozenlist==1.8.0
 + gptqmodel==5.8.0
 + hf-transfer==0.1.9
 + kernels==0.12.3
 + logbar==0.3.0
 + maturin==1.12.6
 + multidict==6.7.1
 + multiprocess==0.70.19
 + pandas==2.3.3
 + propcache==0.4.1
 + psutil==7.2.2
 + pyarrow==23.0.1
 + pypcre==0.2.13
 + pytz==2026.1.post1
 + requests==2.32.5
 + threadpoolctl==3.6.0
 + tomli==2.4.0
 + torchao==0.16.0
 + urllib3==2.6.3
 + xxhash==3.6.0
 + yarl==1.23.0
Using Python 3.10.19 environment at: nvfp4_venv
Checked 5 packages in 11ms
Using Python 3.10.19 environment at: nvfp4_venv
Resolved 18 packages in 15ms
Uninstalled 2 packages in 107ms
Installed 2 packages in 157ms
 - huggingface-hub==1.7.2
 + huggingface-hub==0.36.2
 - transformers==5.3.0
 + transformers==4.57.6
Requirement already satisfied: pip in ./nvfp4_venv/lib/python3.10/site-packages (23.0.1)
Collecting pip
  Using cached pip-26.0.1-py3-none-any.whl (1.8 MB)
Installing collected packages: pip
  Attempting uninstall: pip
    Found existing installation: pip 23.0.1
    Uninstalling pip-23.0.1:
      Successfully uninstalled pip-23.0.1
Successfully installed pip-26.0.1
===== VERIFY GPTQMODEL =====

[33mWARN[0m  Python GIL is enabled: Multi-gpu quant acceleration for MoE models is sub-optimal and multi-core accelerated cpu packing is also disabled. We recommend Python >= 3.13.3t with Pytorch > 2.8 for mult-gpu quantization and multi-cpu packing with env `PYTHON_GIL=0`.
[33mWARN[0m  Feature `utils/Perplexity` requires Python < 3.14 and Python GIL enabled and Python >= 3.13.3T (T for Threading-Free edition of Python) plus Torch 2.8. Feature is currently skipped/disabled.
[W320 11:22:42.002882057 Context.cpp:320] Warning: torch.backends.cuda.preferred_linalg_library is an experimental feature. If you see any error or unexpected behavior when this flag is set please file an issue on GitHub. (function operator())
Skipping import of cpp extensions due to incompatible torch version 2.8.0+cu128 for torchao version 0.16.0             Please see https://github.com/pytorch/ao/issues/2919 for more info
[32mINFO[0m  ENV: Auto setting PYTORCH_ALLOC_CONF='expandable_segments:True,max_split_size_mb:256,garbage_collection_threshold:0.7' for memory saving.
[32mINFO[0m  ENV: Auto setting CUDA_DEVICE_ORDER=PCI_BUS_ID for correctness.          
[32mINFO[0m  

┌─────────────┐    ┌────────────────────────┐    ┌────────────┐    ┌─────────┐
│ GPT-QModel  │ -> │ ▓▓▓▓▓▓▓▓▓▓▓▓ 16bit     │ -> │ ▒▒▒▒ 8bit  │ -> │ ░░ 4bit │
└─────────────┘    └────────────────────────┘    └────────────┘    └─────────┘
GPT-QModel   : 5.8.0
Transformers : 4.57.6
Torch        : 2.8.0+cu128
Triton       : 3.4.0
GPTQModel OK
flash_attn OK
===== PREPARE VENDOR SOURCES =====
===== CLEAN infllmv2_cuda_impl =====
===== BUILD infllmv2_cuda_impl =====
Obtaining file:///opt/oldMoney-Project/vendor/infllmv2_cuda_impl
  Checking if build backend supports build_editable: started
  Checking if build backend supports build_editable: finished with status 'done'
  Preparing editable metadata (pyproject.toml): started
  Preparing editable metadata (pyproject.toml): finished with status 'done'
Requirement already satisfied: torch in /opt/oldMoney-Project/quantization/nvfp4_venv/lib/python3.10/site-packages (from infllm_v2==0.0.0) (2.8.0+cu128)
Requirement already satisfied: packaging in /opt/oldMoney-Project/quantization/nvfp4_venv/lib/python3.10/site-packages (from infllm_v2==0.0.0) (26.0)
Requirement already satisfied: psutil in /opt/oldMoney-Project/quantization/nvfp4_venv/lib/python3.10/site-packages (from infllm_v2==0.0.0) (7.2.2)
Requirement already satisfied: filelock in /opt/oldMoney-Project/quantization/nvfp4_venv/lib/python3.10/site-packages (from torch->infllm_v2==0.0.0) (3.20.0)
Requirement already satisfied: typing-extensions>=4.10.0 in /opt/oldMoney-Project/quantization/nvfp4_venv/lib/python3.10/site-packages (from torch->infllm_v2==0.0.0) (4.15.0)
Requirement already satisfied: sympy>=1.13.3 in /opt/oldMoney-Project/quantization/nvfp4_venv/lib/python3.10/site-packages (from torch->infllm_v2==0.0.0) (1.14.0)
Requirement already satisfied: networkx in /opt/oldMoney-Project/quantization/nvfp4_venv/lib/python3.10/site-packages (from torch->infllm_v2==0.0.0) (3.4.2)
Requirement already satisfied: jinja2 in /opt/oldMoney-Project/quantization/nvfp4_venv/lib/python3.10/site-packages (from torch->infllm_v2==0.0.0) (3.1.6)
Requirement already satisfied: fsspec in /opt/oldMoney-Project/quantization/nvfp4_venv/lib/python3.10/site-packages (from torch->infllm_v2==0.0.0) (2025.12.0)
Requirement already satisfied: nvidia-cuda-nvrtc-cu12==12.8.93 in /opt/oldMoney-Project/quantization/nvfp4_venv/lib/python3.10/site-packages (from torch->infllm_v2==0.0.0) (12.8.93)
Requirement already satisfied: nvidia-cuda-runtime-cu12==12.8.90 in /opt/oldMoney-Project/quantization/nvfp4_venv/lib/python3.10/site-packages (from torch->infllm_v2==0.0.0) (12.8.90)
Requirement already satisfied: nvidia-cuda-cupti-cu12==12.8.90 in /opt/oldMoney-Project/quantization/nvfp4_venv/lib/python3.10/site-packages (from torch->infllm_v2==0.0.0) (12.8.90)
Requirement already satisfied: nvidia-cudnn-cu12==9.10.2.21 in /opt/oldMoney-Project/quantization/nvfp4_venv/lib/python3.10/site-packages (from torch->infllm_v2==0.0.0) (9.10.2.21)
Requirement already satisfied: nvidia-cublas-cu12==12.8.4.1 in /opt/oldMoney-Project/quantization/nvfp4_venv/lib/python3.10/site-packages (from torch->infllm_v2==0.0.0) (12.8.4.1)
Requirement already satisfied: nvidia-cufft-cu12==11.3.3.83 in /opt/oldMoney-Project/quantization/nvfp4_venv/lib/python3.10/site-packages (from torch->infllm_v2==0.0.0) (11.3.3.83)
Requirement already satisfied: nvidia-curand-cu12==10.3.9.90 in /opt/oldMoney-Project/quantization/nvfp4_venv/lib/python3.10/site-packages (from torch->infllm_v2==0.0.0) (10.3.9.90)
Requirement already satisfied: nvidia-cusolver-cu12==11.7.3.90 in /opt/oldMoney-Project/quantization/nvfp4_venv/lib/python3.10/site-packages (from torch->infllm_v2==0.0.0) (11.7.3.90)
Requirement already satisfied: nvidia-cusparse-cu12==12.5.8.93 in /opt/oldMoney-Project/quantization/nvfp4_venv/lib/python3.10/site-packages (from torch->infllm_v2==0.0.0) (12.5.8.93)
Requirement already satisfied: nvidia-cusparselt-cu12==0.7.1 in /opt/oldMoney-Project/quantization/nvfp4_venv/lib/python3.10/site-packages (from torch->infllm_v2==0.0.0) (0.7.1)
Requirement already satisfied: nvidia-nccl-cu12==2.27.3 in /opt/oldMoney-Project/quantization/nvfp4_venv/lib/python3.10/site-packages (from torch->infllm_v2==0.0.0) (2.27.3)
Requirement already satisfied: nvidia-nvtx-cu12==12.8.90 in /opt/oldMoney-Project/quantization/nvfp4_venv/lib/python3.10/site-packages (from torch->infllm_v2==0.0.0) (12.8.90)
Requirement already satisfied: nvidia-nvjitlink-cu12==12.8.93 in /opt/oldMoney-Project/quantization/nvfp4_venv/lib/python3.10/site-packages (from torch->infllm_v2==0.0.0) (12.8.93)
Requirement already satisfied: nvidia-cufile-cu12==1.13.1.3 in /opt/oldMoney-Project/quantization/nvfp4_venv/lib/python3.10/site-packages (from torch->infllm_v2==0.0.0) (1.13.1.3)
Requirement already satisfied: triton==3.4.0 in /opt/oldMoney-Project/quantization/nvfp4_venv/lib/python3.10/site-packages (from torch->infllm_v2==0.0.0) (3.4.0)
Requirement already satisfied: setuptools>=40.8.0 in /opt/oldMoney-Project/quantization/nvfp4_venv/lib/python3.10/site-packages (from triton==3.4.0->torch->infllm_v2==0.0.0) (79.0.1)
Requirement already satisfied: mpmath<1.4,>=1.1.0 in /opt/oldMoney-Project/quantization/nvfp4_venv/lib/python3.10/site-packages (from sympy>=1.13.3->torch->infllm_v2==0.0.0) (1.3.0)
Requirement already satisfied: MarkupSafe>=2.0 in /opt/oldMoney-Project/quantization/nvfp4_venv/lib/python3.10/site-packages (from jinja2->torch->infllm_v2==0.0.0) (3.0.2)
Building wheels for collected packages: infllm_v2
  Building editable for infllm_v2 (pyproject.toml): started
  Building editable for infllm_v2 (pyproject.toml): still running...
  Building editable for infllm_v2 (pyproject.toml): finished with status 'done'
  Created wheel for infllm_v2: filename=infllm_v2-0.0.0-0.editable-cp310-cp310-linux_x86_64.whl size=2813 sha256=76ad55daeaf2423801f79515a253dbcc5ba235f3af1291e0caf620dcbd110d90
  Stored in directory: /tmp/pip-ephem-wheel-cache-e6voi86r/wheels/0a/31/15/4c39206d725d992e36757120f969042638bd2fcc5d40100df3
Successfully built infllm_v2
Installing collected packages: infllm_v2
Successfully installed infllm_v2-0.0.0
===== VERIFY infllm_v2 =====
infllm_v2 OK
===== CLEAN sparse_kernel =====
===== BUILD sparse_kernel =====
Obtaining file:///opt/oldMoney-Project/vendor/sparse_kernel
  Checking if build backend supports build_editable: started
  Checking if build backend supports build_editable: finished with status 'done'
  Preparing editable metadata (pyproject.toml): started
  Preparing editable metadata (pyproject.toml): finished with status 'done'
Building wheels for collected packages: sparse_kernel_extension
  Building editable for sparse_kernel_extension (pyproject.toml): started
  Building editable for sparse_kernel_extension (pyproject.toml): still running...
  Building editable for sparse_kernel_extension (pyproject.toml): finished with status 'done'
  Created wheel for sparse_kernel_extension: filename=sparse_kernel_extension-0.0.0-0.editable-cp310-cp310-linux_x86_64.whl size=2880 sha256=7e071028a27ade4137a37ee7eb72b23127456ba498b3c283bc08a0e77381227c
  Stored in directory: /tmp/pip-ephem-wheel-cache-uck17ssh/wheels/5a/fc/b5/20630ae4221534e4bb61f0ba2b1f0264e835b51d19fa6556e3
Successfully built sparse_kernel_extension
Installing collected packages: sparse_kernel_extension
Successfully installed sparse_kernel_extension-0.0.0
===== VERIFY sparse_kernel =====
sparse_kernel_extension OK
===== FINAL VERIFY =====
transformers 4.57.6 /opt/oldMoney-Project/quantization/nvfp4_venv/lib/python3.10/site-packages/transformers/__init__.py
torch 2.8.0+cu128 12.8
flash_attn OK
FINAL infllm_v2 OK
FINAL sparse_kernel_extension OK
===== DONE ENV PREP Fri Mar 20 11:26:28 UTC 2026 =====
