nohup: ignoring input
======================================================================
  Activation-Aware NVFP4 Quantiser for MiniCPM-SALA (Lightning MLPs ONLY)
  (Perfectly matched for Blackwell FP8-Scales & Group=16)
======================================================================
[INFO] 64 samples, 3,013,323 tokens (max_len=131072)
[INFO] Loading model (CPU, bf16)...
Skipping import of cpp extensions due to incompatible torch version 2.8.0+cu128 for torchao version 0.16.0             Please see https://github.com/pytorch/ao/issues/2919 for more info
Current Python version 3.10 is below the recommended 3.11 version. It is recommended to upgrade to Python 3.11 or higher for the best experience.
`torch_dtype` is deprecated! Use `dtype` instead!
Loading checkpoint shards:   0%|                                                                                                               | 0/4 [00:00<?, ?it/s]Loading checkpoint shards:  25%|█████████████████████████▊                                                                             | 1/4 [00:00<00:00,  4.48it/s]Loading checkpoint shards:  50%|███████████████████████████████████████████████████▌                                                   | 2/4 [00:06<00:07,  3.51s/it]Loading checkpoint shards:  75%|█████████████████████████████████████████████████████████████████████████████▎                         | 3/4 [00:06<00:01,  1.97s/it]Loading checkpoint shards: 100%|███████████████████████████████████████████████████████████████████████████████████████████████████████| 4/4 [00:06<00:00,  1.25s/it]Loading checkpoint shards: 100%|███████████████████████████████████████████████████████████████████████████████████████████████████████| 4/4 [00:06<00:00,  1.58s/it]

[Phase 1] Embedding forward...

======================================================================
[Layer 0/31] -> BF16
======================================================================
  Keeping BF16 (sparse/minicpm layer)
  Layer 0 done in 9.2s

======================================================================
[Layer 1/31] -> Act-Aware NVFP4 (Lightning MLP Only)
======================================================================
  MLP Linears selected for NVFP4: ['mlp.down_proj', 'mlp.gate_proj', 'mlp.up_proj']
  Collecting Activations (64 samples)...
    [gate_up] fused global_sf=3822.9333 (max_amax=0.703125)
  Running Act-Aware MSE-RTN (Protecting Outliers)...
    mlp.down_proj [4096x16384] 1.1s | Act-Aware MSE=4.307e-06
    mlp.gate_proj [16384x4096] 1.0s | Act-Aware MSE=3.015e-06
    mlp.up_proj [16384x4096] 1.0s | Act-Aware MSE=3.391e-06
  Layer 1 done in 27.3s

======================================================================
[Layer 2/31] -> Act-Aware NVFP4 (Lightning MLP Only)
======================================================================
  MLP Linears selected for NVFP4: ['mlp.down_proj', 'mlp.gate_proj', 'mlp.up_proj']
  Collecting Activations (64 samples)...
    [gate_up] fused global_sf=5571.8866 (max_amax=0.482422)
  Running Act-Aware MSE-RTN (Protecting Outliers)...
    mlp.down_proj [4096x16384] 1.1s | Act-Aware MSE=4.732e-06
    mlp.gate_proj [16384x4096] 1.0s | Act-Aware MSE=3.832e-06
    mlp.up_proj [16384x4096] 1.0s | Act-Aware MSE=3.845e-06
  Layer 2 done in 27.0s

======================================================================
[Layer 3/31] -> Act-Aware NVFP4 (Lightning MLP Only)
======================================================================
  MLP Linears selected for NVFP4: ['mlp.down_proj', 'mlp.gate_proj', 'mlp.up_proj']
  Collecting Activations (64 samples)...
    [gate_up] fused global_sf=5881.4359 (max_amax=0.457031)
  Running Act-Aware MSE-RTN (Protecting Outliers)...
    mlp.down_proj [4096x16384] 1.1s | Act-Aware MSE=4.354e-06
    mlp.gate_proj [16384x4096] 1.0s | Act-Aware MSE=4.538e-06
    mlp.up_proj [16384x4096] 1.0s | Act-Aware MSE=3.943e-06
  Layer 3 done in 26.9s

======================================================================
[Layer 4/31] -> Act-Aware NVFP4 (Lightning MLP Only)
======================================================================
  MLP Linears selected for NVFP4: ['mlp.down_proj', 'mlp.gate_proj', 'mlp.up_proj']
  Collecting Activations (64 samples)...
    [gate_up] fused global_sf=4327.8491 (max_amax=0.621094)
  Running Act-Aware MSE-RTN (Protecting Outliers)...
    mlp.down_proj [4096x16384] 1.1s | Act-Aware MSE=4.421e-06
    mlp.gate_proj [16384x4096] 1.0s | Act-Aware MSE=4.558e-06
    mlp.up_proj [16384x4096] 1.0s | Act-Aware MSE=4.094e-06
  Layer 4 done in 26.9s

======================================================================
[Layer 5/31] -> Act-Aware NVFP4 (Lightning MLP Only)
======================================================================
  MLP Linears selected for NVFP4: ['mlp.down_proj', 'mlp.gate_proj', 'mlp.up_proj']
  Collecting Activations (64 samples)...
    [gate_up] fused global_sf=4047.8118 (max_amax=0.664062)
  Running Act-Aware MSE-RTN (Protecting Outliers)...
    mlp.down_proj [4096x16384] 1.1s | Act-Aware MSE=4.338e-06
    mlp.gate_proj [16384x4096] 1.1s | Act-Aware MSE=4.614e-06
    mlp.up_proj [16384x4096] 1.0s | Act-Aware MSE=4.135e-06
  Layer 5 done in 26.7s

======================================================================
[Layer 6/31] -> Act-Aware NVFP4 (Lightning MLP Only)
======================================================================
  MLP Linears selected for NVFP4: ['mlp.down_proj', 'mlp.gate_proj', 'mlp.up_proj']
  Collecting Activations (64 samples)...
    [gate_up] fused global_sf=4327.8491 (max_amax=0.621094)
  Running Act-Aware MSE-RTN (Protecting Outliers)...
    mlp.down_proj [4096x16384] 1.1s | Act-Aware MSE=4.355e-06
    mlp.gate_proj [16384x4096] 1.0s | Act-Aware MSE=4.597e-06
    mlp.up_proj [16384x4096] 1.0s | Act-Aware MSE=4.171e-06
  Layer 6 done in 26.9s

======================================================================
[Layer 7/31] -> Act-Aware NVFP4 (Lightning MLP Only)
======================================================================
  MLP Linears selected for NVFP4: ['mlp.down_proj', 'mlp.gate_proj', 'mlp.up_proj']
  Collecting Activations (64 samples)...
    [gate_up] fused global_sf=4071.7633 (max_amax=0.660156)
  Running Act-Aware MSE-RTN (Protecting Outliers)...
    mlp.down_proj [4096x16384] 1.1s | Act-Aware MSE=4.492e-06
    mlp.gate_proj [16384x4096] 1.0s | Act-Aware MSE=4.591e-06
    mlp.up_proj [16384x4096] 1.0s | Act-Aware MSE=4.235e-06
  Layer 7 done in 27.2s

======================================================================
[Layer 8/31] -> Act-Aware NVFP4 (Lightning MLP Only)
======================================================================
  MLP Linears selected for NVFP4: ['mlp.down_proj', 'mlp.gate_proj', 'mlp.up_proj']
  Collecting Activations (64 samples)...
    [gate_up] fused global_sf=3085.7758 (max_amax=0.871094)
  Running Act-Aware MSE-RTN (Protecting Outliers)...
    mlp.down_proj [4096x16384] 1.1s | Act-Aware MSE=4.458e-06
    mlp.gate_proj [16384x4096] 1.0s | Act-Aware MSE=4.763e-06
    mlp.up_proj [16384x4096] 1.0s | Act-Aware MSE=4.261e-06
  Layer 8 done in 27.0s

======================================================================
[Layer 9/31] -> BF16
======================================================================
  Keeping BF16 (sparse/minicpm layer)
  Layer 9 done in 9.1s

======================================================================
[Layer 10/31] -> Act-Aware NVFP4 (Lightning MLP Only)
======================================================================
  MLP Linears selected for NVFP4: ['mlp.down_proj', 'mlp.gate_proj', 'mlp.up_proj']
  Collecting Activations (64 samples)...
    [gate_up] fused global_sf=4327.8491 (max_amax=0.621094)
  Running Act-Aware MSE-RTN (Protecting Outliers)...
    mlp.down_proj [4096x16384] 1.1s | Act-Aware MSE=4.585e-06
    mlp.gate_proj [16384x4096] 1.0s | Act-Aware MSE=4.616e-06
    mlp.up_proj [16384x4096] 1.0s | Act-Aware MSE=4.418e-06
  Layer 10 done in 27.2s

======================================================================
[Layer 11/31] -> Act-Aware NVFP4 (Lightning MLP Only)
======================================================================
  MLP Linears selected for NVFP4: ['mlp.down_proj', 'mlp.gate_proj', 'mlp.up_proj']
  Collecting Activations (64 samples)...
    [gate_up] fused global_sf=4355.2405 (max_amax=0.617188)
  Running Act-Aware MSE-RTN (Protecting Outliers)...
    mlp.down_proj [4096x16384] 1.1s | Act-Aware MSE=4.693e-06
    mlp.gate_proj [16384x4096] 1.0s | Act-Aware MSE=4.586e-06
    mlp.up_proj [16384x4096] 1.0s | Act-Aware MSE=4.504e-06
  Layer 11 done in 27.0s

======================================================================
[Layer 12/31] -> Act-Aware NVFP4 (Lightning MLP Only)
======================================================================
  MLP Linears selected for NVFP4: ['mlp.down_proj', 'mlp.gate_proj', 'mlp.up_proj']
  Collecting Activations (64 samples)...
    [gate_up] fused global_sf=3822.9333 (max_amax=0.703125)
  Running Act-Aware MSE-RTN (Protecting Outliers)...
    mlp.down_proj [4096x16384] 1.1s | Act-Aware MSE=4.761e-06
    mlp.gate_proj [16384x4096] 1.0s | Act-Aware MSE=4.523e-06
    mlp.up_proj [16384x4096] 1.0s | Act-Aware MSE=4.573e-06
  Layer 12 done in 27.2s

======================================================================
[Layer 13/31] -> Act-Aware NVFP4 (Lightning MLP Only)
======================================================================
  MLP Linears selected for NVFP4: ['mlp.down_proj', 'mlp.gate_proj', 'mlp.up_proj']
  Collecting Activations (64 samples)...
    [gate_up] fused global_sf=3822.9333 (max_amax=0.703125)
  Running Act-Aware MSE-RTN (Protecting Outliers)...
    mlp.down_proj [4096x16384] 1.1s | Act-Aware MSE=4.762e-06
    mlp.gate_proj [16384x4096] 1.0s | Act-Aware MSE=4.450e-06
    mlp.up_proj [16384x4096] 1.0s | Act-Aware MSE=4.608e-06
  Layer 13 done in 27.4s

======================================================================
[Layer 14/31] -> Act-Aware NVFP4 (Lightning MLP Only)
======================================================================
  MLP Linears selected for NVFP4: ['mlp.down_proj', 'mlp.gate_proj', 'mlp.up_proj']
  Collecting Activations (64 samples)...
    [gate_up] fused global_sf=4195.9024 (max_amax=0.640625)
  Running Act-Aware MSE-RTN (Protecting Outliers)...
    mlp.down_proj [4096x16384] 1.1s | Act-Aware MSE=4.952e-06
    mlp.gate_proj [16384x4096] 1.0s | Act-Aware MSE=4.354e-06
    mlp.up_proj [16384x4096] 1.0s | Act-Aware MSE=4.729e-06
  Layer 14 done in 27.3s

======================================================================
[Layer 15/31] -> Act-Aware NVFP4 (Lightning MLP Only)
======================================================================
  MLP Linears selected for NVFP4: ['mlp.down_proj', 'mlp.gate_proj', 'mlp.up_proj']
  Collecting Activations (64 samples)...
    [gate_up] fused global_sf=4000.7442 (max_amax=0.671875)
  Running Act-Aware MSE-RTN (Protecting Outliers)...
    mlp.down_proj [4096x16384] 1.1s | Act-Aware MSE=4.787e-06
    mlp.gate_proj [16384x4096] 1.1s | Act-Aware MSE=4.561e-06
    mlp.up_proj [16384x4096] 1.0s | Act-Aware MSE=4.609e-06
  Layer 15 done in 27.3s

======================================================================
[Layer 16/31] -> BF16
======================================================================
  Keeping BF16 (sparse/minicpm layer)
  Layer 16 done in 9.4s

======================================================================
[Layer 17/31] -> BF16
======================================================================
  Keeping BF16 (sparse/minicpm layer)
  Layer 17 done in 9.1s

======================================================================
[Layer 18/31] -> Act-Aware NVFP4 (Lightning MLP Only)
======================================================================
  MLP Linears selected for NVFP4: ['mlp.down_proj', 'mlp.gate_proj', 'mlp.up_proj']
  Collecting Activations (64 samples)...
    [gate_up] fused global_sf=3423.5224 (max_amax=0.785156)
  Running Act-Aware MSE-RTN (Protecting Outliers)...
    mlp.down_proj [4096x16384] 1.1s | Act-Aware MSE=4.623e-06
    mlp.gate_proj [16384x4096] 1.0s | Act-Aware MSE=4.762e-06
    mlp.up_proj [16384x4096] 1.0s | Act-Aware MSE=4.565e-06
  Layer 18 done in 27.1s

======================================================================
[Layer 19/31] -> Act-Aware NVFP4 (Lightning MLP Only)
======================================================================
  MLP Linears selected for NVFP4: ['mlp.down_proj', 'mlp.gate_proj', 'mlp.up_proj']
  Collecting Activations (64 samples)...
    [gate_up] fused global_sf=3185.7778 (max_amax=0.843750)
  Running Act-Aware MSE-RTN (Protecting Outliers)...
    mlp.down_proj [4096x16384] 1.1s | Act-Aware MSE=4.826e-06
    mlp.gate_proj [16384x4096] 1.0s | Act-Aware MSE=4.596e-06
    mlp.up_proj [16384x4096] 1.0s | Act-Aware MSE=4.721e-06
  Layer 19 done in 27.1s

======================================================================
[Layer 20/31] -> Act-Aware NVFP4 (Lightning MLP Only)
======================================================================
  MLP Linears selected for NVFP4: ['mlp.down_proj', 'mlp.gate_proj', 'mlp.up_proj']
  Collecting Activations (64 samples)...
    [gate_up] fused global_sf=3389.7931 (max_amax=0.792969)
  Running Act-Aware MSE-RTN (Protecting Outliers)...
    mlp.down_proj [4096x16384] 1.1s | Act-Aware MSE=4.970e-06
    mlp.gate_proj [16384x4096] 1.0s | Act-Aware MSE=4.476e-06
    mlp.up_proj [16384x4096] 1.0s | Act-Aware MSE=4.805e-06
  Layer 20 done in 27.4s

======================================================================
[Layer 21/31] -> Act-Aware NVFP4 (Lightning MLP Only)
======================================================================
  MLP Linears selected for NVFP4: ['mlp.down_proj', 'mlp.gate_proj', 'mlp.up_proj']
  Collecting Activations (64 samples)...
    [gate_up] fused global_sf=2688.0000 (max_amax=1.000000)
  Running Act-Aware MSE-RTN (Protecting Outliers)...
    mlp.down_proj [4096x16384] 1.1s | Act-Aware MSE=5.135e-06
    mlp.gate_proj [16384x4096] 1.0s | Act-Aware MSE=4.480e-06
    mlp.up_proj [16384x4096] 1.0s | Act-Aware MSE=4.870e-06
  Layer 21 done in 27.6s

======================================================================
[Layer 22/31] -> BF16
======================================================================
  Keeping BF16 (sparse/minicpm layer)
  Layer 22 done in 8.9s

======================================================================
[Layer 23/31] -> Act-Aware NVFP4 (Lightning MLP Only)
======================================================================
  MLP Linears selected for NVFP4: ['mlp.down_proj', 'mlp.gate_proj', 'mlp.up_proj']
  Collecting Activations (64 samples)...
    [gate_up] fused global_sf=3185.7778 (max_amax=0.843750)
  Running Act-Aware MSE-RTN (Protecting Outliers)...
    mlp.down_proj [4096x16384] 1.1s | Act-Aware MSE=5.065e-06
    mlp.gate_proj [16384x4096] 1.0s | Act-Aware MSE=4.433e-06
    mlp.up_proj [16384x4096] 1.0s | Act-Aware MSE=4.879e-06
  Layer 23 done in 27.1s

======================================================================
[Layer 24/31] -> Act-Aware NVFP4 (Lightning MLP Only)
======================================================================
  MLP Linears selected for NVFP4: ['mlp.down_proj', 'mlp.gate_proj', 'mlp.up_proj']
  Collecting Activations (64 samples)...
    [gate_up] fused global_sf=3308.3077 (max_amax=0.812500)
  Running Act-Aware MSE-RTN (Protecting Outliers)...
    mlp.down_proj [4096x16384] 1.1s | Act-Aware MSE=5.182e-06
    mlp.gate_proj [16384x4096] 1.0s | Act-Aware MSE=4.416e-06
    mlp.up_proj [16384x4096] 1.0s | Act-Aware MSE=4.959e-06
  Layer 24 done in 27.4s

======================================================================
[Layer 25/31] -> Act-Aware NVFP4 (Lightning MLP Only)
======================================================================
  MLP Linears selected for NVFP4: ['mlp.down_proj', 'mlp.gate_proj', 'mlp.up_proj']
  Collecting Activations (64 samples)...
    [gate_up] fused global_sf=3113.7014 (max_amax=0.863281)
  Running Act-Aware MSE-RTN (Protecting Outliers)...
    mlp.down_proj [4096x16384] 1.1s | Act-Aware MSE=5.590e-06
    mlp.gate_proj [16384x4096] 1.0s | Act-Aware MSE=4.434e-06
    mlp.up_proj [16384x4096] 1.0s | Act-Aware MSE=5.103e-06
  Layer 25 done in 27.3s

======================================================================
[Layer 26/31] -> Act-Aware NVFP4 (Lightning MLP Only)
======================================================================
  MLP Linears selected for NVFP4: ['mlp.down_proj', 'mlp.gate_proj', 'mlp.up_proj']
  Collecting Activations (64 samples)...
    [gate_up] fused global_sf=4170.4727 (max_amax=0.644531)
  Running Act-Aware MSE-RTN (Protecting Outliers)...
    mlp.down_proj [4096x16384] 1.1s | Act-Aware MSE=5.447e-06
    mlp.gate_proj [16384x4096] 1.0s | Act-Aware MSE=4.448e-06
    mlp.up_proj [16384x4096] 1.0s | Act-Aware MSE=5.101e-06
  Layer 26 done in 27.3s

======================================================================
[Layer 27/31] -> Act-Aware NVFP4 (Lightning MLP Only)
======================================================================
  MLP Linears selected for NVFP4: ['mlp.down_proj', 'mlp.gate_proj', 'mlp.up_proj']
  Collecting Activations (64 samples)...
    [gate_up] fused global_sf=3699.6129 (max_amax=0.726562)
  Running Act-Aware MSE-RTN (Protecting Outliers)...
    mlp.down_proj [4096x16384] 1.1s | Act-Aware MSE=5.472e-06
    mlp.gate_proj [16384x4096] 1.0s | Act-Aware MSE=4.421e-06
    mlp.up_proj [16384x4096] 1.0s | Act-Aware MSE=5.165e-06
  Layer 27 done in 27.2s

======================================================================
[Layer 28/31] -> Act-Aware NVFP4 (Lightning MLP Only)
======================================================================
  MLP Linears selected for NVFP4: ['mlp.down_proj', 'mlp.gate_proj', 'mlp.up_proj']
  Collecting Activations (64 samples)...
    [gate_up] fused global_sf=2248.7843 (max_amax=1.195312)
  Running Act-Aware MSE-RTN (Protecting Outliers)...
    mlp.down_proj [4096x16384] 1.1s | Act-Aware MSE=5.588e-06
    mlp.gate_proj [16384x4096] 1.0s | Act-Aware MSE=4.398e-06
    mlp.up_proj [16384x4096] 1.0s | Act-Aware MSE=5.228e-06
  Layer 28 done in 27.1s

======================================================================
[Layer 29/31] -> BF16
======================================================================
  Keeping BF16 (sparse/minicpm layer)
  Layer 29 done in 9.3s

======================================================================
[Layer 30/31] -> BF16
======================================================================
  Keeping BF16 (sparse/minicpm layer)
  Layer 30 done in 9.3s

======================================================================
[Layer 31/31] -> BF16
======================================================================
  Keeping BF16 (sparse/minicpm layer)
  Layer 31 done in 9.1s

[Phase 4] Saving to /opt/model_AWQ_Lattn_Mini_16_Lmlp_4 (Total: 11.18 GB)...
  Saved model-00001-of-00003.safetensors
  Saved model-00002-of-00003.safetensors
  Saved model-00003-of-00003.safetensors
  Patched config.json with quantization_config and 128 exclude_modules.

[DONE] Activation-Aware NVFP4 quantisation complete!

[INFO] Total time: 12.9 min
