nohup: ignoring input
Skipping import of cpp extensions due to incompatible torch version. Please upgrade to torch >= 2.11.0 (found 2.8.0+cu128).
Current Python version 3.10 is below the recommended 3.11 version. It is recommended to upgrade to Python 3.11 or higher for the best experience.
`torch_dtype` is deprecated! Use `dtype` instead!
[INFO] Using Deterministic Seed: 42
======================================================================
GPTQ Quantizer for MiniCPM-SALA (Dense + SmoothQuant)
======================================================================
  Input:           /home/work/compass_max_posttrain_1/.cz/sala/model
  Output:          /home/work/compass_max_posttrain_1/.cz/sala/model_gptq_int4_dense_smooth
  Default bits:    4
  Symmetric:       True
  Smooth alpha:    0.5
  minicpm4 bits:   (use default)
  lightning bits:  (use default)
  layer-bits:      (none)
  Group size:      128
  Damping:         0.01
  Calib data:      /home/work/compass_max_posttrain_1/.cz/sala/oldMoney-Project/quantization/calibration_dense/calib_dense_96.jsonl
  Max samples:     96
  Max length:      131072
  Quant lm_head:   False

  Layer    Type                 Bits  
  ----------------------------------
  0        minicpm4             W4    
  1        lightning-attn       W4    
  2        lightning-attn       W4    
  3        lightning-attn       W4    
  4        lightning-attn       W4    
  5        lightning-attn       W4    
  6        lightning-attn       W4    
  7        lightning-attn       W4    
  8        lightning-attn       W4    
  9        minicpm4             W4    
  10       lightning-attn       W4    
  11       lightning-attn       W4    
  12       lightning-attn       W4    
  13       lightning-attn       W4    
  14       lightning-attn       W4    
  15       lightning-attn       W4    
  16       minicpm4             W4    
  17       minicpm4             W4    
  18       lightning-attn       W4    
  19       lightning-attn       W4    
  20       lightning-attn       W4    
  21       lightning-attn       W4    
  22       minicpm4             W4    
  23       lightning-attn       W4    
  24       lightning-attn       W4    
  25       lightning-attn       W4    
  26       lightning-attn       W4    
  27       lightning-attn       W4    
  28       lightning-attn       W4    
  29       minicpm4             W4    
  30       minicpm4             W4    
  31       minicpm4             W4    

  Summary: 32 W4 | 0 W8 | 0 FP16
======================================================================
[INFO] Using device: cuda:0
[INFO] Loading tokenizer from /home/work/compass_max_posttrain_1/.cz/sala/model...
[INFO] Loaded 96 calibration samples, 4,009,892 tokens (max_len=131072)
[INFO] Loading model from /home/work/compass_max_posttrain_1/.cz/sala/model (CPU)...
Loading checkpoint shards:   0%|          | 0/4 [00:00<?, ?it/s]Loading checkpoint shards:  25%|██▌       | 1/4 [00:00<00:00,  3.72it/s]Loading checkpoint shards:  75%|███████▌  | 3/4 [00:00<00:00,  8.44it/s]Loading checkpoint shards: 100%|██████████| 4/4 [00:00<00:00,  8.86it/s]
/home/work/compass_max_posttrain_1/.cz/sala/oldMoney-Project/quantization/GPTQ_int4_flashinfer_dense_smoothing_gpu.py:289: FutureWarning: `torch.distributed.reduce_op` is deprecated, please use `torch.distributed.ReduceOp` instead
  if isinstance(obj, functools._lru_cache_wrapper):
/home/work/compass_max_posttrain_1/.cz/sala/oldMoney-Project/quantization/GPTQ_int4_flashinfer_dense_smoothing_gpu.py:289: FutureWarning: `torch.distributed.reduce_op` is deprecated, please use `torch.distributed.ReduceOp` instead
  if isinstance(obj, functools._lru_cache_wrapper):
[INFO] Model has 32 layers
[INFO] Phase 1: Computing initial hidden states (embedding)...

======================================================================
[LAYER 0/31] type=minicpm4  bits=4
======================================================================
  Linears to quantize: ['mlp.down_proj', 'mlp.gate_proj', 'mlp.up_proj', 'self_attn.k_proj', 'self_attn.o_gate', 'self_attn.o_proj', 'self_attn.q_proj', 'self_attn.v_proj']
  Collecting Hessians (96 samples)...
  Applying SmoothQuant channel equalization (alpha=0.5)...
  Smoothed [input_layernorm] -> ['self_attn.k_proj', 'self_attn.o_gate', 'self_attn.q_proj', 'self_attn.v_proj'] | s: min=0.0736 max=3.0376 std=0.1500
  Smoothed [post_attn_layernorm] -> ['mlp.gate_proj', 'mlp.up_proj'] | s: min=0.1233 max=6.6019 std=0.1225
  Smoothed [up_proj] -> [down_proj] | s: min=0.3307 max=2.3153 std=0.2431
  Running GPTQ quantization (bits=4, group_size=128)...
    mlp.down_proj MSE=2.359364e-05 RelErr=0.2200
    mlp.down_proj [4096x16384] W4 quantized in 2.8s
    mlp.gate_proj MSE=8.988191e-06 RelErr=0.1803
    mlp.gate_proj [16384x4096] W4 quantized in 0.6s
    mlp.up_proj MSE=1.231738e-05 RelErr=0.1648
    mlp.up_proj [16384x4096] W4 quantized in 0.6s
    self_attn.k_proj MSE=5.555419e-06 RelErr=0.2268
    self_attn.k_proj [256x4096] W4 quantized in 0.6s
    self_attn.o_gate MSE=1.455833e-05 RelErr=0.1860
    self_attn.o_gate [4096x4096] W4 quantized in 0.6s
    self_attn.o_proj MSE=1.430160e-05 RelErr=0.1942
    self_attn.o_proj [4096x4096] W4 quantized in 0.6s
    self_attn.q_proj MSE=6.128601e-06 RelErr=0.1723
    self_attn.q_proj [4096x4096] W4 quantized in 0.6s
    self_attn.v_proj MSE=1.374971e-05 RelErr=0.2340
    self_attn.v_proj [256x4096] W4 quantized in 0.6s
  Updating hidden states for next layer...
  Layer 0 done in 58.1s

======================================================================
[LAYER 1/31] type=lightning-attn  bits=4
======================================================================
  Linears to quantize: ['mlp.down_proj', 'mlp.gate_proj', 'mlp.up_proj', 'self_attn.k_proj', 'self_attn.o_proj', 'self_attn.q_proj', 'self_attn.v_proj', 'self_attn.z_proj']
  Collecting Hessians (96 samples)...
  Applying SmoothQuant channel equalization (alpha=0.5)...
  Smoothed [input_layernorm] -> ['self_attn.k_proj', 'self_attn.q_proj', 'self_attn.v_proj', 'self_attn.z_proj'] | s: min=0.0474 max=3.8545 std=0.2028
  Smoothed [o_norm] -> [o_proj] | s: min=0.1367 max=5.6802 std=0.3453
  Smoothed [post_attn_layernorm] -> ['mlp.gate_proj', 'mlp.up_proj'] | s: min=0.1298 max=5.3033 std=0.1052
  Smoothed [up_proj] -> [down_proj] | s: min=0.3201 max=2.8360 std=0.1864
  Running GPTQ quantization (bits=4, group_size=128)...
    mlp.down_proj MSE=1.762201e-05 RelErr=0.1815
    mlp.down_proj [4096x16384] W4 quantized in 2.7s
    mlp.gate_proj MSE=1.147857e-05 RelErr=0.1725
    mlp.gate_proj [16384x4096] W4 quantized in 0.6s
    mlp.up_proj MSE=1.119259e-05 RelErr=0.1553
    mlp.up_proj [16384x4096] W4 quantized in 0.6s
    self_attn.k_proj MSE=1.579217e-05 RelErr=0.2421
    self_attn.k_proj [4096x4096] W4 quantized in 0.6s
    self_attn.o_proj MSE=1.405412e-05 RelErr=0.1707
    self_attn.o_proj [4096x4096] W4 quantized in 0.6s
    self_attn.q_proj MSE=1.445717e-05 RelErr=0.2311
    self_attn.q_proj [4096x4096] W4 quantized in 0.6s
    self_attn.v_proj MSE=1.724216e-05 RelErr=0.2112
    self_attn.v_proj [4096x4096] W4 quantized in 0.6s
    self_attn.z_proj MSE=1.500411e-05 RelErr=0.2008
    self_attn.z_proj [4096x4096] W4 quantized in 0.6s
  Updating hidden states for next layer...
  Layer 1 done in 87.5s

======================================================================
[LAYER 2/31] type=lightning-attn  bits=4
======================================================================
  Linears to quantize: ['mlp.down_proj', 'mlp.gate_proj', 'mlp.up_proj', 'self_attn.k_proj', 'self_attn.o_proj', 'self_attn.q_proj', 'self_attn.v_proj', 'self_attn.z_proj']
  Collecting Hessians (96 samples)...
  Applying SmoothQuant channel equalization (alpha=0.5)...
  Smoothed [input_layernorm] -> ['self_attn.k_proj', 'self_attn.q_proj', 'self_attn.v_proj', 'self_attn.z_proj'] | s: min=0.0989 max=3.7713 std=0.1679
  Smoothed [o_norm] -> [o_proj] | s: min=0.2617 max=1.7602 std=0.2614
  Smoothed [post_attn_layernorm] -> ['mlp.gate_proj', 'mlp.up_proj'] | s: min=0.0329 max=3.8437 std=0.0985
  Smoothed [up_proj] -> [down_proj] | s: min=0.3393 max=3.5852 std=0.2583
  Running GPTQ quantization (bits=4, group_size=128)...
    mlp.down_proj MSE=1.761948e-05 RelErr=0.1731
    mlp.down_proj [4096x16384] W4 quantized in 2.7s
    mlp.gate_proj MSE=1.260776e-05 RelErr=0.1615
    mlp.gate_proj [16384x4096] W4 quantized in 0.6s
    mlp.up_proj MSE=1.257391e-05 RelErr=0.1472
    mlp.up_proj [16384x4096] W4 quantized in 0.6s
    self_attn.k_proj MSE=1.633331e-05 RelErr=0.2031
    self_attn.k_proj [4096x4096] W4 quantized in 0.6s
    self_attn.o_proj MSE=1.255103e-05 RelErr=0.1483
    self_attn.o_proj [4096x4096] W4 quantized in 0.6s
    self_attn.q_proj MSE=1.555443e-05 RelErr=0.1980
    self_attn.q_proj [4096x4096] W4 quantized in 0.6s
    self_attn.v_proj MSE=1.503577e-05 RelErr=0.1691
    self_attn.v_proj [4096x4096] W4 quantized in 0.6s
    self_attn.z_proj MSE=1.372232e-05 RelErr=0.1755
    self_attn.z_proj [4096x4096] W4 quantized in 0.6s
  Updating hidden states for next layer...
  Layer 2 done in 46.2s

======================================================================
[LAYER 3/31] type=lightning-attn  bits=4
======================================================================
  Linears to quantize: ['mlp.down_proj', 'mlp.gate_proj', 'mlp.up_proj', 'self_attn.k_proj', 'self_attn.o_proj', 'self_attn.q_proj', 'self_attn.v_proj', 'self_attn.z_proj']
  Collecting Hessians (96 samples)...
  Applying SmoothQuant channel equalization (alpha=0.5)...
  Smoothed [input_layernorm] -> ['self_attn.k_proj', 'self_attn.q_proj', 'self_attn.v_proj', 'self_attn.z_proj'] | s: min=0.0462 max=3.4868 std=0.1102
  Smoothed [o_norm] -> [o_proj] | s: min=0.2562 max=2.0032 std=0.2200
  Smoothed [post_attn_layernorm] -> ['mlp.gate_proj', 'mlp.up_proj'] | s: min=0.0644 max=2.6756 std=0.0937
  Smoothed [up_proj] -> [down_proj] | s: min=0.3682 max=3.2887 std=0.1873
  Running GPTQ quantization (bits=4, group_size=128)...
    mlp.down_proj MSE=1.231822e-05 RelErr=0.1488
    mlp.down_proj [4096x16384] W4 quantized in 2.7s
    mlp.gate_proj MSE=1.246965e-05 RelErr=0.1472
    mlp.gate_proj [16384x4096] W4 quantized in 0.6s
    mlp.up_proj MSE=1.118155e-05 RelErr=0.1411
    mlp.up_proj [16384x4096] W4 quantized in 0.6s
    self_attn.k_proj MSE=1.415447e-05 RelErr=0.1691
    self_attn.k_proj [4096x4096] W4 quantized in 0.6s
    self_attn.o_proj MSE=1.145951e-05 RelErr=0.1399
    self_attn.o_proj [4096x4096] W4 quantized in 0.6s
    self_attn.q_proj MSE=1.299800e-05 RelErr=0.1624
    self_attn.q_proj [4096x4096] W4 quantized in 0.6s
    self_attn.v_proj MSE=1.365108e-05 RelErr=0.1539
    self_attn.v_proj [4096x4096] W4 quantized in 0.6s
    self_attn.z_proj MSE=1.173014e-05 RelErr=0.1543
    self_attn.z_proj [4096x4096] W4 quantized in 0.6s
  Updating hidden states for next layer...
  Layer 3 done in 48.5s

======================================================================
[LAYER 4/31] type=lightning-attn  bits=4
======================================================================
  Linears to quantize: ['mlp.down_proj', 'mlp.gate_proj', 'mlp.up_proj', 'self_attn.k_proj', 'self_attn.o_proj', 'self_attn.q_proj', 'self_attn.v_proj', 'self_attn.z_proj']
  Collecting Hessians (96 samples)...
  Applying SmoothQuant channel equalization (alpha=0.5)...
  Smoothed [input_layernorm] -> ['self_attn.k_proj', 'self_attn.q_proj', 'self_attn.v_proj', 'self_attn.z_proj'] | s: min=0.0326 max=3.3489 std=0.1226
  Smoothed [o_norm] -> [o_proj] | s: min=0.3060 max=2.3520 std=0.2497
  Smoothed [post_attn_layernorm] -> ['mlp.gate_proj', 'mlp.up_proj'] | s: min=0.1097 max=2.5694 std=0.0945
  Smoothed [up_proj] -> [down_proj] | s: min=0.3208 max=2.4001 std=0.1652
  Running GPTQ quantization (bits=4, group_size=128)...
    mlp.down_proj MSE=1.159788e-05 RelErr=0.1439
    mlp.down_proj [4096x16384] W4 quantized in 2.7s
    mlp.gate_proj MSE=1.175646e-05 RelErr=0.1424
    mlp.gate_proj [16384x4096] W4 quantized in 0.6s
    mlp.up_proj MSE=1.078965e-05 RelErr=0.1371
    mlp.up_proj [16384x4096] W4 quantized in 0.6s
    self_attn.k_proj MSE=1.219682e-05 RelErr=0.1680
    self_attn.k_proj [4096x4096] W4 quantized in 0.6s
    self_attn.o_proj MSE=1.199758e-05 RelErr=0.1434
    self_attn.o_proj [4096x4096] W4 quantized in 0.6s
    self_attn.q_proj MSE=1.153555e-05 RelErr=0.1642
    self_attn.q_proj [4096x4096] W4 quantized in 0.6s
    self_attn.v_proj MSE=1.170614e-05 RelErr=0.1450
    self_attn.v_proj [4096x4096] W4 quantized in 0.6s
    self_attn.z_proj MSE=1.042911e-05 RelErr=0.1465
    self_attn.z_proj [4096x4096] W4 quantized in 0.6s
  Updating hidden states for next layer...
  Layer 4 done in 46.5s

======================================================================
[LAYER 5/31] type=lightning-attn  bits=4
======================================================================
  Linears to quantize: ['mlp.down_proj', 'mlp.gate_proj', 'mlp.up_proj', 'self_attn.k_proj', 'self_attn.o_proj', 'self_attn.q_proj', 'self_attn.v_proj', 'self_attn.z_proj']
  Collecting Hessians (96 samples)...
  Applying SmoothQuant channel equalization (alpha=0.5)...
  Smoothed [input_layernorm] -> ['self_attn.k_proj', 'self_attn.q_proj', 'self_attn.v_proj', 'self_attn.z_proj'] | s: min=0.1426 max=3.9172 std=0.1085
  Smoothed [o_norm] -> [o_proj] | s: min=0.1066 max=1.7485 std=0.2192
  Smoothed [post_attn_layernorm] -> ['mlp.gate_proj', 'mlp.up_proj'] | s: min=0.0218 max=2.8349 std=0.0942
  Smoothed [up_proj] -> [down_proj] | s: min=0.3068 max=2.0459 std=0.1302
  Running GPTQ quantization (bits=4, group_size=128)...
    mlp.down_proj MSE=9.969676e-06 RelErr=0.1347
    mlp.down_proj [4096x16384] W4 quantized in 2.7s
    mlp.gate_proj MSE=1.113670e-05 RelErr=0.1374
    mlp.gate_proj [16384x4096] W4 quantized in 0.6s
    mlp.up_proj MSE=1.033364e-05 RelErr=0.1346
    mlp.up_proj [16384x4096] W4 quantized in 0.6s
    self_attn.k_proj MSE=1.278492e-05 RelErr=0.1617
    self_attn.k_proj [4096x4096] W4 quantized in 0.6s
    self_attn.o_proj MSE=1.125203e-05 RelErr=0.1374
    self_attn.o_proj [4096x4096] W4 quantized in 0.6s
    self_attn.q_proj MSE=1.137534e-05 RelErr=0.1516
    self_attn.q_proj [4096x4096] W4 quantized in 0.6s
    self_attn.v_proj MSE=1.231401e-05 RelErr=0.1448
    self_attn.v_proj [4096x4096] W4 quantized in 0.6s
    self_attn.z_proj MSE=1.054717e-05 RelErr=0.1457
    self_attn.z_proj [4096x4096] W4 quantized in 0.6s
  Updating hidden states for next layer...
  Layer 5 done in 47.6s

======================================================================
[LAYER 6/31] type=lightning-attn  bits=4
======================================================================
  Linears to quantize: ['mlp.down_proj', 'mlp.gate_proj', 'mlp.up_proj', 'self_attn.k_proj', 'self_attn.o_proj', 'self_attn.q_proj', 'self_attn.v_proj', 'self_attn.z_proj']
  Collecting Hessians (96 samples)...
  Applying SmoothQuant channel equalization (alpha=0.5)...
  Smoothed [input_layernorm] -> ['self_attn.k_proj', 'self_attn.q_proj', 'self_attn.v_proj', 'self_attn.z_proj'] | s: min=0.0908 max=2.6859 std=0.0871
  Smoothed [o_norm] -> [o_proj] | s: min=0.2975 max=1.7389 std=0.1940
  Smoothed [post_attn_layernorm] -> ['mlp.gate_proj', 'mlp.up_proj'] | s: min=0.1008 max=1.8863 std=0.0841
  Smoothed [up_proj] -> [down_proj] | s: min=0.3598 max=1.9381 std=0.1430
  Running GPTQ quantization (bits=4, group_size=128)...
    mlp.down_proj MSE=1.059482e-05 RelErr=0.1387
    mlp.down_proj [4096x16384] W4 quantized in 2.7s
    mlp.gate_proj MSE=1.072389e-05 RelErr=0.1355
    mlp.gate_proj [16384x4096] W4 quantized in 0.6s
    mlp.up_proj MSE=1.008037e-05 RelErr=0.1330
    mlp.up_proj [16384x4096] W4 quantized in 0.6s
    self_attn.k_proj MSE=1.503294e-05 RelErr=0.1687
    self_attn.k_proj [4096x4096] W4 quantized in 0.6s
    self_attn.o_proj MSE=1.075378e-05 RelErr=0.1359
    self_attn.o_proj [4096x4096] W4 quantized in 0.6s
    self_attn.q_proj MSE=1.152629e-05 RelErr=0.1515
    self_attn.q_proj [4096x4096] W4 quantized in 0.6s
    self_attn.v_proj MSE=1.157591e-05 RelErr=0.1387
    self_attn.v_proj [4096x4096] W4 quantized in 0.6s
    self_attn.z_proj MSE=9.521341e-06 RelErr=0.1401
    self_attn.z_proj [4096x4096] W4 quantized in 0.6s
  Updating hidden states for next layer...
  Layer 6 done in 59.3s

======================================================================
[LAYER 7/31] type=lightning-attn  bits=4
======================================================================
  Linears to quantize: ['mlp.down_proj', 'mlp.gate_proj', 'mlp.up_proj', 'self_attn.k_proj', 'self_attn.o_proj', 'self_attn.q_proj', 'self_attn.v_proj', 'self_attn.z_proj']
  Collecting Hessians (96 samples)...
  Applying SmoothQuant channel equalization (alpha=0.5)...
  Smoothed [input_layernorm] -> ['self_attn.k_proj', 'self_attn.q_proj', 'self_attn.v_proj', 'self_attn.z_proj'] | s: min=0.1658 max=3.2521 std=0.1045
  Smoothed [o_norm] -> [o_proj] | s: min=0.3297 max=2.0052 std=0.2026
  Smoothed [post_attn_layernorm] -> ['mlp.gate_proj', 'mlp.up_proj'] | s: min=0.0526 max=2.0233 std=0.0976
  Smoothed [up_proj] -> [down_proj] | s: min=0.2992 max=2.2584 std=0.1645
  Running GPTQ quantization (bits=4, group_size=128)...
    mlp.down_proj MSE=1.158006e-05 RelErr=0.1432
    mlp.down_proj [4096x16384] W4 quantized in 2.6s
    mlp.gate_proj MSE=1.090035e-05 RelErr=0.1366
    mlp.gate_proj [16384x4096] W4 quantized in 0.6s
    mlp.up_proj MSE=1.079011e-05 RelErr=0.1349
    mlp.up_proj [16384x4096] W4 quantized in 0.6s
    self_attn.k_proj MSE=1.483486e-05 RelErr=0.1673
    self_attn.k_proj [4096x4096] W4 quantized in 0.6s
    self_attn.o_proj MSE=1.111097e-05 RelErr=0.1373
    self_attn.o_proj [4096x4096] W4 quantized in 0.6s
    self_attn.q_proj MSE=1.132808e-05 RelErr=0.1494
    self_attn.q_proj [4096x4096] W4 quantized in 0.6s
    self_attn.v_proj MSE=1.179400e-05 RelErr=0.1396
    self_attn.v_proj [4096x4096] W4 quantized in 0.6s
    self_attn.z_proj MSE=9.518906e-06 RelErr=0.1399
    self_attn.z_proj [4096x4096] W4 quantized in 0.6s
  Updating hidden states for next layer...
  Layer 7 done in 46.9s

======================================================================
[LAYER 8/31] type=lightning-attn  bits=4
======================================================================
  Linears to quantize: ['mlp.down_proj', 'mlp.gate_proj', 'mlp.up_proj', 'self_attn.k_proj', 'self_attn.o_proj', 'self_attn.q_proj', 'self_attn.v_proj', 'self_attn.z_proj']
  Collecting Hessians (96 samples)...
  Applying SmoothQuant channel equalization (alpha=0.5)...
  Smoothed [input_layernorm] -> ['self_attn.k_proj', 'self_attn.q_proj', 'self_attn.v_proj', 'self_attn.z_proj'] | s: min=0.1353 max=3.8963 std=0.0968
  Smoothed [o_norm] -> [o_proj] | s: min=0.2233 max=1.7803 std=0.1937
  Smoothed [post_attn_layernorm] -> ['mlp.gate_proj', 'mlp.up_proj'] | s: min=0.0949 max=1.9313 std=0.1003
  Smoothed [up_proj] -> [down_proj] | s: min=0.3315 max=2.2877 std=0.1657
  Running GPTQ quantization (bits=4, group_size=128)...
    mlp.down_proj MSE=1.116159e-05 RelErr=0.1415
    mlp.down_proj [4096x16384] W4 quantized in 2.7s
    mlp.gate_proj MSE=1.151740e-05 RelErr=0.1376
    mlp.gate_proj [16384x4096] W4 quantized in 0.6s
    mlp.up_proj MSE=1.116098e-05 RelErr=0.1361
    mlp.up_proj [16384x4096] W4 quantized in 0.6s
    self_attn.k_proj MSE=1.791586e-05 RelErr=0.1780
    self_attn.k_proj [4096x4096] W4 quantized in 0.6s
    self_attn.o_proj MSE=1.109846e-05 RelErr=0.1358
    self_attn.o_proj [4096x4096] W4 quantized in 0.6s
    self_attn.q_proj MSE=1.253493e-05 RelErr=0.1535
    self_attn.q_proj [4096x4096] W4 quantized in 0.6s
    self_attn.v_proj MSE=1.214353e-05 RelErr=0.1398
    self_attn.v_proj [4096x4096] W4 quantized in 0.6s
    self_attn.z_proj MSE=9.777152e-06 RelErr=0.1401
    self_attn.z_proj [4096x4096] W4 quantized in 0.6s
  Updating hidden states for next layer...
  Layer 8 done in 48.1s

======================================================================
[LAYER 9/31] type=minicpm4  bits=4
======================================================================
  Linears to quantize: ['mlp.down_proj', 'mlp.gate_proj', 'mlp.up_proj', 'self_attn.k_proj', 'self_attn.o_gate', 'self_attn.o_proj', 'self_attn.q_proj', 'self_attn.v_proj']
  Collecting Hessians (96 samples)...
  Applying SmoothQuant channel equalization (alpha=0.5)...
  Smoothed [input_layernorm] -> ['self_attn.k_proj', 'self_attn.o_gate', 'self_attn.q_proj', 'self_attn.v_proj'] | s: min=0.7150 max=4.2238 std=0.1880
  Smoothed [post_attn_layernorm] -> ['mlp.gate_proj', 'mlp.up_proj'] | s: min=0.0834 max=1.9045 std=0.1017
  Smoothed [up_proj] -> [down_proj] | s: min=0.3064 max=2.3415 std=0.1472
  Running GPTQ quantization (bits=4, group_size=128)...
    mlp.down_proj MSE=1.117861e-05 RelErr=0.1409
    mlp.down_proj [4096x16384] W4 quantized in 3.2s
    mlp.gate_proj MSE=1.110218e-05 RelErr=0.1368
    mlp.gate_proj [16384x4096] W4 quantized in 0.6s
    mlp.up_proj MSE=1.105513e-05 RelErr=0.1357
    mlp.up_proj [16384x4096] W4 quantized in 0.6s
    self_attn.k_proj MSE=3.250572e-05 RelErr=0.2001
    self_attn.k_proj [256x4096] W4 quantized in 0.6s
    self_attn.o_gate MSE=1.170392e-05 RelErr=0.1569
    self_attn.o_gate [4096x4096] W4 quantized in 0.6s
    self_attn.o_proj MSE=1.149453e-05 RelErr=0.1436
    self_attn.o_proj [4096x4096] W4 quantized in 0.6s
    self_attn.q_proj MSE=1.610477e-05 RelErr=0.1606
    self_attn.q_proj [4096x4096] W4 quantized in 0.6s
    self_attn.v_proj MSE=1.334716e-05 RelErr=0.1476
    self_attn.v_proj [256x4096] W4 quantized in 0.6s
  Updating hidden states for next layer...
  Layer 9 done in 55.9s

======================================================================
[LAYER 10/31] type=lightning-attn  bits=4
======================================================================
  Linears to quantize: ['mlp.down_proj', 'mlp.gate_proj', 'mlp.up_proj', 'self_attn.k_proj', 'self_attn.o_proj', 'self_attn.q_proj', 'self_attn.v_proj', 'self_attn.z_proj']
  Collecting Hessians (96 samples)...
  Applying SmoothQuant channel equalization (alpha=0.5)...
  Smoothed [input_layernorm] -> ['self_attn.k_proj', 'self_attn.q_proj', 'self_attn.v_proj', 'self_attn.z_proj'] | s: min=0.1755 max=2.6348 std=0.0924
  Smoothed [o_norm] -> [o_proj] | s: min=0.2092 max=2.2221 std=0.2261
  Smoothed [post_attn_layernorm] -> ['mlp.gate_proj', 'mlp.up_proj'] | s: min=0.0690 max=1.8356 std=0.0876
  Smoothed [up_proj] -> [down_proj] | s: min=0.3472 max=2.1589 std=0.1409
  Running GPTQ quantization (bits=4, group_size=128)...
    mlp.down_proj MSE=1.100649e-05 RelErr=0.1391
    mlp.down_proj [4096x16384] W4 quantized in 2.7s
    mlp.gate_proj MSE=1.082181e-05 RelErr=0.1360
    mlp.gate_proj [16384x4096] W4 quantized in 0.6s
    mlp.up_proj MSE=1.098351e-05 RelErr=0.1350
    mlp.up_proj [16384x4096] W4 quantized in 0.6s
    self_attn.k_proj MSE=1.638266e-05 RelErr=0.1676
    self_attn.k_proj [4096x4096] W4 quantized in 0.6s
    self_attn.o_proj MSE=1.158703e-05 RelErr=0.1395
    self_attn.o_proj [4096x4096] W4 quantized in 0.6s
    self_attn.q_proj MSE=1.177248e-05 RelErr=0.1478
    self_attn.q_proj [4096x4096] W4 quantized in 0.6s
    self_attn.v_proj MSE=1.218411e-05 RelErr=0.1426
    self_attn.v_proj [4096x4096] W4 quantized in 0.6s
    self_attn.z_proj MSE=9.924813e-06 RelErr=0.1407
    self_attn.z_proj [4096x4096] W4 quantized in 0.6s
  Updating hidden states for next layer...
  Layer 10 done in 49.4s

======================================================================
[LAYER 11/31] type=lightning-attn  bits=4
======================================================================
  Linears to quantize: ['mlp.down_proj', 'mlp.gate_proj', 'mlp.up_proj', 'self_attn.k_proj', 'self_attn.o_proj', 'self_attn.q_proj', 'self_attn.v_proj', 'self_attn.z_proj']
  Collecting Hessians (96 samples)...
  Applying SmoothQuant channel equalization (alpha=0.5)...
  Smoothed [input_layernorm] -> ['self_attn.k_proj', 'self_attn.q_proj', 'self_attn.v_proj', 'self_attn.z_proj'] | s: min=0.0416 max=1.7987 std=0.0914
  Smoothed [o_norm] -> [o_proj] | s: min=0.2228 max=1.9806 std=0.1977
  Smoothed [post_attn_layernorm] -> ['mlp.gate_proj', 'mlp.up_proj'] | s: min=0.0229 max=2.0619 std=0.0943
  Smoothed [up_proj] -> [down_proj] | s: min=0.3419 max=2.0874 std=0.1545
  Running GPTQ quantization (bits=4, group_size=128)...
    mlp.down_proj MSE=1.191124e-05 RelErr=0.1432
    mlp.down_proj [4096x16384] W4 quantized in 2.7s
    mlp.gate_proj MSE=1.102602e-05 RelErr=0.1377
    mlp.gate_proj [16384x4096] W4 quantized in 0.6s
    mlp.up_proj MSE=1.163952e-05 RelErr=0.1364
    mlp.up_proj [16384x4096] W4 quantized in 0.6s
    self_attn.k_proj MSE=1.525078e-05 RelErr=0.1656
    self_attn.k_proj [4096x4096] W4 quantized in 0.7s
    self_attn.o_proj MSE=1.111166e-05 RelErr=0.1363
    self_attn.o_proj [4096x4096] W4 quantized in 0.6s
    self_attn.q_proj MSE=1.163617e-05 RelErr=0.1472
    self_attn.q_proj [4096x4096] W4 quantized in 0.6s
    self_attn.v_proj MSE=1.210931e-05 RelErr=0.1405
    self_attn.v_proj [4096x4096] W4 quantized in 0.6s
    self_attn.z_proj MSE=9.363644e-06 RelErr=0.1376
    self_attn.z_proj [4096x4096] W4 quantized in 0.6s
  Updating hidden states for next layer...
  Layer 11 done in 50.7s

======================================================================
[LAYER 12/31] type=lightning-attn  bits=4
======================================================================
  Linears to quantize: ['mlp.down_proj', 'mlp.gate_proj', 'mlp.up_proj', 'self_attn.k_proj', 'self_attn.o_proj', 'self_attn.q_proj', 'self_attn.v_proj', 'self_attn.z_proj']
  Collecting Hessians (96 samples)...
  Applying SmoothQuant channel equalization (alpha=0.5)...
  Smoothed [input_layernorm] -> ['self_attn.k_proj', 'self_attn.q_proj', 'self_attn.v_proj', 'self_attn.z_proj'] | s: min=0.2093 max=3.2757 std=0.1147
  Smoothed [o_norm] -> [o_proj] | s: min=0.3536 max=2.8421 std=0.2111
  Smoothed [post_attn_layernorm] -> ['mlp.gate_proj', 'mlp.up_proj'] | s: min=0.0505 max=2.5257 std=0.1026
  Smoothed [up_proj] -> [down_proj] | s: min=0.2938 max=1.8650 std=0.1344
  Running GPTQ quantization (bits=4, group_size=128)...
    mlp.down_proj MSE=1.124138e-05 RelErr=0.1383
    mlp.down_proj [4096x16384] W4 quantized in 2.7s
    mlp.gate_proj MSE=1.099006e-05 RelErr=0.1384
    mlp.gate_proj [16384x4096] W4 quantized in 0.6s
    mlp.up_proj MSE=1.162084e-05 RelErr=0.1363
    mlp.up_proj [16384x4096] W4 quantized in 0.6s
    self_attn.k_proj MSE=1.455574e-05 RelErr=0.1640
    self_attn.k_proj [4096x4096] W4 quantized in 0.6s
    self_attn.o_proj MSE=1.177166e-05 RelErr=0.1393
    self_attn.o_proj [4096x4096] W4 quantized in 0.6s
    self_attn.q_proj MSE=1.251708e-05 RelErr=0.1515
    self_attn.q_proj [4096x4096] W4 quantized in 0.6s
    self_attn.v_proj MSE=1.350752e-05 RelErr=0.1498
    self_attn.v_proj [4096x4096] W4 quantized in 0.6s
    self_attn.z_proj MSE=1.052786e-05 RelErr=0.1426
    self_attn.z_proj [4096x4096] W4 quantized in 0.6s
  Updating hidden states for next layer...
  Layer 12 done in 48.1s

======================================================================
[LAYER 13/31] type=lightning-attn  bits=4
======================================================================
  Linears to quantize: ['mlp.down_proj', 'mlp.gate_proj', 'mlp.up_proj', 'self_attn.k_proj', 'self_attn.o_proj', 'self_attn.q_proj', 'self_attn.v_proj', 'self_attn.z_proj']
  Collecting Hessians (96 samples)...
  Applying SmoothQuant channel equalization (alpha=0.5)...
  Smoothed [input_layernorm] -> ['self_attn.k_proj', 'self_attn.q_proj', 'self_attn.v_proj', 'self_attn.z_proj'] | s: min=0.1115 max=2.0950 std=0.1075
  Smoothed [o_norm] -> [o_proj] | s: min=0.3100 max=2.4819 std=0.1536
  Smoothed [post_attn_layernorm] -> ['mlp.gate_proj', 'mlp.up_proj'] | s: min=0.1669 max=2.6631 std=0.1029
  Smoothed [up_proj] -> [down_proj] | s: min=0.3429 max=1.8103 std=0.1272
  Running GPTQ quantization (bits=4, group_size=128)...
    mlp.down_proj MSE=1.119841e-05 RelErr=0.1379
    mlp.down_proj [4096x16384] W4 quantized in 2.7s
    mlp.gate_proj MSE=1.090206e-05 RelErr=0.1388
    mlp.gate_proj [16384x4096] W4 quantized in 1.1s
    mlp.up_proj MSE=1.154200e-05 RelErr=0.1354
    mlp.up_proj [16384x4096] W4 quantized in 0.6s
    self_attn.k_proj MSE=1.829012e-05 RelErr=0.1726
    self_attn.k_proj [4096x4096] W4 quantized in 0.6s
    self_attn.o_proj MSE=1.017178e-05 RelErr=0.1325
    self_attn.o_proj [4096x4096] W4 quantized in 0.6s
    self_attn.q_proj MSE=1.245750e-05 RelErr=0.1469
    self_attn.q_proj [4096x4096] W4 quantized in 0.6s
    self_attn.v_proj MSE=1.222499e-05 RelErr=0.1414
    self_attn.v_proj [4096x4096] W4 quantized in 0.6s
    self_attn.z_proj MSE=9.775231e-06 RelErr=0.1409
    self_attn.z_proj [4096x4096] W4 quantized in 0.6s
  Updating hidden states for next layer...
  Layer 13 done in 47.9s

======================================================================
[LAYER 14/31] type=lightning-attn  bits=4
======================================================================
  Linears to quantize: ['mlp.down_proj', 'mlp.gate_proj', 'mlp.up_proj', 'self_attn.k_proj', 'self_attn.o_proj', 'self_attn.q_proj', 'self_attn.v_proj', 'self_attn.z_proj']
  Collecting Hessians (96 samples)...
  Applying SmoothQuant channel equalization (alpha=0.5)...
  Smoothed [input_layernorm] -> ['self_attn.k_proj', 'self_attn.q_proj', 'self_attn.v_proj', 'self_attn.z_proj'] | s: min=0.1377 max=2.4871 std=0.1137
  Smoothed [o_norm] -> [o_proj] | s: min=0.3273 max=1.7920 std=0.1744
  Smoothed [post_attn_layernorm] -> ['mlp.gate_proj', 'mlp.up_proj'] | s: min=0.2549 max=2.3030 std=0.1050
  Smoothed [up_proj] -> [down_proj] | s: min=0.3423 max=2.0795 std=0.1349
  Running GPTQ quantization (bits=4, group_size=128)...
    mlp.down_proj MSE=1.169623e-05 RelErr=0.1392
    mlp.down_proj [4096x16384] W4 quantized in 2.7s
    mlp.gate_proj MSE=1.057901e-05 RelErr=0.1384
    mlp.gate_proj [16384x4096] W4 quantized in 0.6s
    mlp.up_proj MSE=1.194484e-05 RelErr=0.1357
    mlp.up_proj [16384x4096] W4 quantized in 0.6s
    self_attn.k_proj MSE=1.672523e-05 RelErr=0.1705
    self_attn.k_proj [4096x4096] W4 quantized in 0.6s
    self_attn.o_proj MSE=1.064129e-05 RelErr=0.1348
    self_attn.o_proj [4096x4096] W4 quantized in 0.6s
    self_attn.q_proj MSE=1.282162e-05 RelErr=0.1518
    self_attn.q_proj [4096x4096] W4 quantized in 0.6s
    self_attn.v_proj MSE=1.239709e-05 RelErr=0.1410
    self_attn.v_proj [4096x4096] W4 quantized in 0.6s
    self_attn.z_proj MSE=9.405166e-06 RelErr=0.1383
    self_attn.z_proj [4096x4096] W4 quantized in 0.6s
  Updating hidden states for next layer...
  Layer 14 done in 46.8s

======================================================================
[LAYER 15/31] type=lightning-attn  bits=4
======================================================================
  Linears to quantize: ['mlp.down_proj', 'mlp.gate_proj', 'mlp.up_proj', 'self_attn.k_proj', 'self_attn.o_proj', 'self_attn.q_proj', 'self_attn.v_proj', 'self_attn.z_proj']
  Collecting Hessians (96 samples)...
  Applying SmoothQuant channel equalization (alpha=0.5)...
  Smoothed [input_layernorm] -> ['self_attn.k_proj', 'self_attn.q_proj', 'self_attn.v_proj', 'self_attn.z_proj'] | s: min=0.5988 max=2.6286 std=0.1094
  Smoothed [o_norm] -> [o_proj] | s: min=0.1218 max=1.8139 std=0.1794
  Smoothed [post_attn_layernorm] -> ['mlp.gate_proj', 'mlp.up_proj'] | s: min=0.0873 max=2.5962 std=0.1018
  Smoothed [up_proj] -> [down_proj] | s: min=0.3909 max=2.1534 std=0.1403
  Running GPTQ quantization (bits=4, group_size=128)...
    mlp.down_proj MSE=1.112739e-05 RelErr=0.1378
    mlp.down_proj [4096x16384] W4 quantized in 2.6s
    mlp.gate_proj MSE=1.100957e-05 RelErr=0.1379
    mlp.gate_proj [16384x4096] W4 quantized in 0.6s
    mlp.up_proj MSE=1.159782e-05 RelErr=0.1354
    mlp.up_proj [16384x4096] W4 quantized in 0.6s
    self_attn.k_proj MSE=1.900393e-05 RelErr=0.1737
    self_attn.k_proj [4096x4096] W4 quantized in 0.6s
    self_attn.o_proj MSE=1.097487e-05 RelErr=0.1349
    self_attn.o_proj [4096x4096] W4 quantized in 0.6s
    self_attn.q_proj MSE=1.331114e-05 RelErr=0.1508
    self_attn.q_proj [4096x4096] W4 quantized in 0.6s
    self_attn.v_proj MSE=1.257612e-05 RelErr=0.1410
    self_attn.v_proj [4096x4096] W4 quantized in 0.6s
    self_attn.z_proj MSE=9.520486e-06 RelErr=0.1388
    self_attn.z_proj [4096x4096] W4 quantized in 0.6s
  Updating hidden states for next layer...
  Layer 15 done in 47.4s

======================================================================
[LAYER 16/31] type=minicpm4  bits=4
======================================================================
  Linears to quantize: ['mlp.down_proj', 'mlp.gate_proj', 'mlp.up_proj', 'self_attn.k_proj', 'self_attn.o_gate', 'self_attn.o_proj', 'self_attn.q_proj', 'self_attn.v_proj']
  Collecting Hessians (96 samples)...
  Applying SmoothQuant channel equalization (alpha=0.5)...
  Smoothed [input_layernorm] -> ['self_attn.k_proj', 'self_attn.o_gate', 'self_attn.q_proj', 'self_attn.v_proj'] | s: min=0.5519 max=3.1016 std=0.1480
  Smoothed [post_attn_layernorm] -> ['mlp.gate_proj', 'mlp.up_proj'] | s: min=0.1370 max=2.0607 std=0.1083
  Smoothed [up_proj] -> [down_proj] | s: min=0.3805 max=2.2658 std=0.1344
  Running GPTQ quantization (bits=4, group_size=128)...
    mlp.down_proj MSE=1.079684e-05 RelErr=0.1369
    mlp.down_proj [4096x16384] W4 quantized in 2.8s
    mlp.gate_proj MSE=1.135772e-05 RelErr=0.1382
    mlp.gate_proj [16384x4096] W4 quantized in 0.6s
    mlp.up_proj MSE=1.140706e-05 RelErr=0.1356
    mlp.up_proj [16384x4096] W4 quantized in 0.6s
    self_attn.k_proj MSE=2.898278e-05 RelErr=0.1848
    self_attn.k_proj [256x4096] W4 quantized in 0.6s
    self_attn.o_gate MSE=8.561596e-06 RelErr=0.1424
    self_attn.o_gate [4096x4096] W4 quantized in 0.6s
    self_attn.o_proj MSE=1.096557e-05 RelErr=0.1385
    self_attn.o_proj [4096x4096] W4 quantized in 0.6s
    self_attn.q_proj MSE=1.387041e-05 RelErr=0.1434
    self_attn.q_proj [4096x4096] W4 quantized in 0.6s
    self_attn.v_proj MSE=1.330160e-05 RelErr=0.1476
    self_attn.v_proj [256x4096] W4 quantized in 0.6s
  Updating hidden states for next layer...
  Layer 16 done in 56.2s

======================================================================
[LAYER 17/31] type=minicpm4  bits=4
======================================================================
  Linears to quantize: ['mlp.down_proj', 'mlp.gate_proj', 'mlp.up_proj', 'self_attn.k_proj', 'self_attn.o_gate', 'self_attn.o_proj', 'self_attn.q_proj', 'self_attn.v_proj']
  Collecting Hessians (96 samples)...
  Applying SmoothQuant channel equalization (alpha=0.5)...
  Smoothed [input_layernorm] -> ['self_attn.k_proj', 'self_attn.o_gate', 'self_attn.q_proj', 'self_attn.v_proj'] | s: min=0.2361 max=3.3659 std=0.1401
  Smoothed [post_attn_layernorm] -> ['mlp.gate_proj', 'mlp.up_proj'] | s: min=0.1504 max=2.7283 std=0.1087
  Smoothed [up_proj] -> [down_proj] | s: min=0.4033 max=2.4419 std=0.1355
  Running GPTQ quantization (bits=4, group_size=128)...
    mlp.down_proj MSE=1.100640e-05 RelErr=0.1397
    mlp.down_proj [4096x16384] W4 quantized in 2.7s
    mlp.gate_proj MSE=1.237951e-05 RelErr=0.1407
    mlp.gate_proj [16384x4096] W4 quantized in 0.6s
    mlp.up_proj MSE=1.091988e-05 RelErr=0.1351
    mlp.up_proj [16384x4096] W4 quantized in 0.6s
    self_attn.k_proj MSE=2.759643e-05 RelErr=0.1946
    self_attn.k_proj [256x4096] W4 quantized in 0.6s
    self_attn.o_gate MSE=8.899935e-06 RelErr=0.1434
    self_attn.o_gate [4096x4096] W4 quantized in 0.6s
    self_attn.o_proj MSE=1.148828e-05 RelErr=0.1374
    self_attn.o_proj [4096x4096] W4 quantized in 0.6s
    self_attn.q_proj MSE=1.314265e-05 RelErr=0.1439
    self_attn.q_proj [4096x4096] W4 quantized in 0.6s
    self_attn.v_proj MSE=1.511112e-05 RelErr=0.1404
    self_attn.v_proj [256x4096] W4 quantized in 0.6s
  Updating hidden states for next layer...
  Layer 17 done in 55.1s

======================================================================
[LAYER 18/31] type=lightning-attn  bits=4
======================================================================
  Linears to quantize: ['mlp.down_proj', 'mlp.gate_proj', 'mlp.up_proj', 'self_attn.k_proj', 'self_attn.o_proj', 'self_attn.q_proj', 'self_attn.v_proj', 'self_attn.z_proj']
  Collecting Hessians (96 samples)...
  Applying SmoothQuant channel equalization (alpha=0.5)...
  Smoothed [input_layernorm] -> ['self_attn.k_proj', 'self_attn.q_proj', 'self_attn.v_proj', 'self_attn.z_proj'] | s: min=0.0335 max=2.4850 std=0.1228
  Smoothed [o_norm] -> [o_proj] | s: min=0.4231 max=2.5101 std=0.1544
  Smoothed [post_attn_layernorm] -> ['mlp.gate_proj', 'mlp.up_proj'] | s: min=0.1736 max=2.5177 std=0.1207
  Smoothed [up_proj] -> [down_proj] | s: min=0.4167 max=2.4524 std=0.1231
  Running GPTQ quantization (bits=4, group_size=128)...
    mlp.down_proj MSE=1.050265e-05 RelErr=0.1354
    mlp.down_proj [4096x16384] W4 quantized in 2.8s
    mlp.gate_proj MSE=1.180666e-05 RelErr=0.1391
    mlp.gate_proj [16384x4096] W4 quantized in 0.6s
    mlp.up_proj MSE=1.140619e-05 RelErr=0.1358
    mlp.up_proj [16384x4096] W4 quantized in 0.8s
    self_attn.k_proj MSE=1.966417e-05 RelErr=0.1771
    self_attn.k_proj [4096x4096] W4 quantized in 0.6s
    self_attn.o_proj MSE=1.052838e-05 RelErr=0.1332
    self_attn.o_proj [4096x4096] W4 quantized in 0.6s
    self_attn.q_proj MSE=1.319344e-05 RelErr=0.1516
    self_attn.q_proj [4096x4096] W4 quantized in 0.6s
    self_attn.v_proj MSE=1.311575e-05 RelErr=0.1441
    self_attn.v_proj [4096x4096] W4 quantized in 0.6s
    self_attn.z_proj MSE=1.019056e-05 RelErr=0.1396
    self_attn.z_proj [4096x4096] W4 quantized in 0.6s
  Updating hidden states for next layer...
  Layer 18 done in 60.1s

======================================================================
[LAYER 19/31] type=lightning-attn  bits=4
======================================================================
  Linears to quantize: ['mlp.down_proj', 'mlp.gate_proj', 'mlp.up_proj', 'self_attn.k_proj', 'self_attn.o_proj', 'self_attn.q_proj', 'self_attn.v_proj', 'self_attn.z_proj']
  Collecting Hessians (96 samples)...
  Applying SmoothQuant channel equalization (alpha=0.5)...
  Smoothed [input_layernorm] -> ['self_attn.k_proj', 'self_attn.q_proj', 'self_attn.v_proj', 'self_attn.z_proj'] | s: min=0.2023 max=1.9887 std=0.1053
  Smoothed [o_norm] -> [o_proj] | s: min=0.4673 max=2.2148 std=0.1558
  Smoothed [post_attn_layernorm] -> ['mlp.gate_proj', 'mlp.up_proj'] | s: min=0.1755 max=2.0483 std=0.1208
  Smoothed [up_proj] -> [down_proj] | s: min=0.3731 max=2.3271 std=0.1262
  Running GPTQ quantization (bits=4, group_size=128)...
    mlp.down_proj MSE=1.087101e-05 RelErr=0.1358
    mlp.down_proj [4096x16384] W4 quantized in 2.7s
    mlp.gate_proj MSE=1.132578e-05 RelErr=0.1387
    mlp.gate_proj [16384x4096] W4 quantized in 0.6s
    mlp.up_proj MSE=1.200997e-05 RelErr=0.1364
    mlp.up_proj [16384x4096] W4 quantized in 0.6s
    self_attn.k_proj MSE=1.734157e-05 RelErr=0.1707
    self_attn.k_proj [4096x4096] W4 quantized in 0.6s
    self_attn.o_proj MSE=1.067968e-05 RelErr=0.1352
    self_attn.o_proj [4096x4096] W4 quantized in 0.6s
    self_attn.q_proj MSE=1.250507e-05 RelErr=0.1487
    self_attn.q_proj [4096x4096] W4 quantized in 0.6s
    self_attn.v_proj MSE=1.287246e-05 RelErr=0.1443
    self_attn.v_proj [4096x4096] W4 quantized in 0.6s
    self_attn.z_proj MSE=1.006210e-05 RelErr=0.1386
    self_attn.z_proj [4096x4096] W4 quantized in 0.6s
  Updating hidden states for next layer...
  Layer 19 done in 48.2s

======================================================================
[LAYER 20/31] type=lightning-attn  bits=4
======================================================================
  Linears to quantize: ['mlp.down_proj', 'mlp.gate_proj', 'mlp.up_proj', 'self_attn.k_proj', 'self_attn.o_proj', 'self_attn.q_proj', 'self_attn.v_proj', 'self_attn.z_proj']
  Collecting Hessians (96 samples)...
  Applying SmoothQuant channel equalization (alpha=0.5)...
  Smoothed [input_layernorm] -> ['self_attn.k_proj', 'self_attn.q_proj', 'self_attn.v_proj', 'self_attn.z_proj'] | s: min=0.0735 max=3.8505 std=0.1095
  Smoothed [o_norm] -> [o_proj] | s: min=0.3827 max=2.4499 std=0.1312
  Smoothed [post_attn_layernorm] -> ['mlp.gate_proj', 'mlp.up_proj'] | s: min=0.1484 max=2.0906 std=0.1154
  Smoothed [up_proj] -> [down_proj] | s: min=0.3908 max=2.6317 std=0.1428
  Running GPTQ quantization (bits=4, group_size=128)...
    mlp.down_proj MSE=1.133293e-05 RelErr=0.1379
    mlp.down_proj [4096x16384] W4 quantized in 2.7s
    mlp.gate_proj MSE=1.129689e-05 RelErr=0.1404
    mlp.gate_proj [16384x4096] W4 quantized in 0.6s
    mlp.up_proj MSE=1.246352e-05 RelErr=0.1370
    mlp.up_proj [16384x4096] W4 quantized in 0.6s
    self_attn.k_proj MSE=2.020152e-05 RelErr=0.1774
    self_attn.k_proj [4096x4096] W4 quantized in 0.6s
    self_attn.o_proj MSE=1.000565e-05 RelErr=0.1307
    self_attn.o_proj [4096x4096] W4 quantized in 0.6s
    self_attn.q_proj MSE=1.351823e-05 RelErr=0.1520
    self_attn.q_proj [4096x4096] W4 quantized in 0.6s
    self_attn.v_proj MSE=1.236925e-05 RelErr=0.1421
    self_attn.v_proj [4096x4096] W4 quantized in 0.6s
    self_attn.z_proj MSE=1.044644e-05 RelErr=0.1407
    self_attn.z_proj [4096x4096] W4 quantized in 0.6s
  Updating hidden states for next layer...
  Layer 20 done in 47.8s

======================================================================
[LAYER 21/31] type=lightning-attn  bits=4
======================================================================
  Linears to quantize: ['mlp.down_proj', 'mlp.gate_proj', 'mlp.up_proj', 'self_attn.k_proj', 'self_attn.o_proj', 'self_attn.q_proj', 'self_attn.v_proj', 'self_attn.z_proj']
  Collecting Hessians (96 samples)...
  Applying SmoothQuant channel equalization (alpha=0.5)...
  Smoothed [input_layernorm] -> ['self_attn.k_proj', 'self_attn.q_proj', 'self_attn.v_proj', 'self_attn.z_proj'] | s: min=0.1536 max=3.0979 std=0.1200
  Smoothed [o_norm] -> [o_proj] | s: min=0.4034 max=2.4546 std=0.1869
  Smoothed [post_attn_layernorm] -> ['mlp.gate_proj', 'mlp.up_proj'] | s: min=0.0942 max=1.9915 std=0.1036
  Smoothed [up_proj] -> [down_proj] | s: min=0.4041 max=3.1128 std=0.1606
  Running GPTQ quantization (bits=4, group_size=128)...
    mlp.down_proj MSE=1.154317e-05 RelErr=0.1386
    mlp.down_proj [4096x16384] W4 quantized in 2.8s
    mlp.gate_proj MSE=1.104803e-05 RelErr=0.1395
    mlp.gate_proj [16384x4096] W4 quantized in 0.6s
    mlp.up_proj MSE=1.259629e-05 RelErr=0.1369
    mlp.up_proj [16384x4096] W4 quantized in 0.6s
    self_attn.k_proj MSE=1.751317e-05 RelErr=0.1724
    self_attn.k_proj [4096x4096] W4 quantized in 0.6s
    self_attn.o_proj MSE=1.153651e-05 RelErr=0.1398
    self_attn.o_proj [4096x4096] W4 quantized in 0.6s
    self_attn.q_proj MSE=1.414764e-05 RelErr=0.1570
    self_attn.q_proj [4096x4096] W4 quantized in 0.6s
    self_attn.v_proj MSE=1.374743e-05 RelErr=0.1498
    self_attn.v_proj [4096x4096] W4 quantized in 0.6s
    self_attn.z_proj MSE=1.052961e-05 RelErr=0.1412
    self_attn.z_proj [4096x4096] W4 quantized in 0.6s
  Updating hidden states for next layer...
  Layer 21 done in 46.5s

======================================================================
[LAYER 22/31] type=minicpm4  bits=4
======================================================================
  Linears to quantize: ['mlp.down_proj', 'mlp.gate_proj', 'mlp.up_proj', 'self_attn.k_proj', 'self_attn.o_gate', 'self_attn.o_proj', 'self_attn.q_proj', 'self_attn.v_proj']
  Collecting Hessians (96 samples)...
  Applying SmoothQuant channel equalization (alpha=0.5)...
  Smoothed [input_layernorm] -> ['self_attn.k_proj', 'self_attn.o_gate', 'self_attn.q_proj', 'self_attn.v_proj'] | s: min=0.3910 max=3.9850 std=0.1913
  Smoothed [post_attn_layernorm] -> ['mlp.gate_proj', 'mlp.up_proj'] | s: min=0.2197 max=2.1406 std=0.1001
  Smoothed [up_proj] -> [down_proj] | s: min=0.3316 max=3.5826 std=0.1571
  Running GPTQ quantization (bits=4, group_size=128)...
    mlp.down_proj MSE=1.164038e-05 RelErr=0.1395
    mlp.down_proj [4096x16384] W4 quantized in 2.8s
    mlp.gate_proj MSE=1.110462e-05 RelErr=0.1407
    mlp.gate_proj [16384x4096] W4 quantized in 0.6s
    mlp.up_proj MSE=1.254910e-05 RelErr=0.1371
    mlp.up_proj [16384x4096] W4 quantized in 0.6s
    self_attn.k_proj MSE=2.605154e-05 RelErr=0.1981
    self_attn.k_proj [256x4096] W4 quantized in 0.6s
    self_attn.o_gate MSE=9.475230e-06 RelErr=0.1568
    self_attn.o_gate [4096x4096] W4 quantized in 0.6s
    self_attn.o_proj MSE=1.255950e-05 RelErr=0.1395
    self_attn.o_proj [4096x4096] W4 quantized in 0.6s
    self_attn.q_proj MSE=1.487485e-05 RelErr=0.1519
    self_attn.q_proj [4096x4096] W4 quantized in 0.6s
    self_attn.v_proj MSE=2.526741e-05 RelErr=0.1556
    self_attn.v_proj [256x4096] W4 quantized in 0.6s
  Updating hidden states for next layer...
  Layer 22 done in 56.3s

======================================================================
[LAYER 23/31] type=lightning-attn  bits=4
======================================================================
  Linears to quantize: ['mlp.down_proj', 'mlp.gate_proj', 'mlp.up_proj', 'self_attn.k_proj', 'self_attn.o_proj', 'self_attn.q_proj', 'self_attn.v_proj', 'self_attn.z_proj']
  Collecting Hessians (96 samples)...
  Applying SmoothQuant channel equalization (alpha=0.5)...
  Smoothed [input_layernorm] -> ['self_attn.k_proj', 'self_attn.q_proj', 'self_attn.v_proj', 'self_attn.z_proj'] | s: min=0.1909 max=2.8109 std=0.1044
  Smoothed [o_norm] -> [o_proj] | s: min=0.4088 max=2.6813 std=0.1523
  Smoothed [post_attn_layernorm] -> ['mlp.gate_proj', 'mlp.up_proj'] | s: min=0.2258 max=2.2061 std=0.0964
  Smoothed [up_proj] -> [down_proj] | s: min=0.3769 max=2.9422 std=0.1640
  Running GPTQ quantization (bits=4, group_size=128)...
    mlp.down_proj MSE=1.197237e-05 RelErr=0.1410
    mlp.down_proj [4096x16384] W4 quantized in 2.8s
    mlp.gate_proj MSE=1.110169e-05 RelErr=0.1406
    mlp.gate_proj [16384x4096] W4 quantized in 0.6s
    mlp.up_proj MSE=1.256361e-05 RelErr=0.1364
    mlp.up_proj [16384x4096] W4 quantized in 0.6s
    self_attn.k_proj MSE=1.953210e-05 RelErr=0.1704
    self_attn.k_proj [4096x4096] W4 quantized in 0.6s
    self_attn.o_proj MSE=1.041878e-05 RelErr=0.1341
    self_attn.o_proj [4096x4096] W4 quantized in 0.6s
    self_attn.q_proj MSE=1.370486e-05 RelErr=0.1511
    self_attn.q_proj [4096x4096] W4 quantized in 0.6s
    self_attn.v_proj MSE=1.203118e-05 RelErr=0.1412
    self_attn.v_proj [4096x4096] W4 quantized in 0.6s
    self_attn.z_proj MSE=1.034431e-05 RelErr=0.1410
    self_attn.z_proj [4096x4096] W4 quantized in 0.7s
  Updating hidden states for next layer...
  Layer 23 done in 51.5s

======================================================================
[LAYER 24/31] type=lightning-attn  bits=4
======================================================================
  Linears to quantize: ['mlp.down_proj', 'mlp.gate_proj', 'mlp.up_proj', 'self_attn.k_proj', 'self_attn.o_proj', 'self_attn.q_proj', 'self_attn.v_proj', 'self_attn.z_proj']
  Collecting Hessians (96 samples)...
  Applying SmoothQuant channel equalization (alpha=0.5)...
  Smoothed [input_layernorm] -> ['self_attn.k_proj', 'self_attn.q_proj', 'self_attn.v_proj', 'self_attn.z_proj'] | s: min=0.4300 max=3.0627 std=0.1185
  Smoothed [o_norm] -> [o_proj] | s: min=0.4535 max=2.2617 std=0.1639
  Smoothed [post_attn_layernorm] -> ['mlp.gate_proj', 'mlp.up_proj'] | s: min=0.0853 max=2.2888 std=0.0922
  Smoothed [up_proj] -> [down_proj] | s: min=0.3950 max=2.9661 std=0.1743
  Running GPTQ quantization (bits=4, group_size=128)...
    mlp.down_proj MSE=1.283787e-05 RelErr=0.1450
    mlp.down_proj [4096x16384] W4 quantized in 2.8s
    mlp.gate_proj MSE=1.133794e-05 RelErr=0.1427
    mlp.gate_proj [16384x4096] W4 quantized in 0.6s
    mlp.up_proj MSE=1.291296e-05 RelErr=0.1371
    mlp.up_proj [16384x4096] W4 quantized in 0.6s
    self_attn.k_proj MSE=1.990015e-05 RelErr=0.1723
    self_attn.k_proj [4096x4096] W4 quantized in 0.6s
    self_attn.o_proj MSE=1.060129e-05 RelErr=0.1345
    self_attn.o_proj [4096x4096] W4 quantized in 0.6s
    self_attn.q_proj MSE=1.382350e-05 RelErr=0.1520
    self_attn.q_proj [4096x4096] W4 quantized in 0.6s
    self_attn.v_proj MSE=1.253953e-05 RelErr=0.1441
    self_attn.v_proj [4096x4096] W4 quantized in 0.6s
    self_attn.z_proj MSE=1.055870e-05 RelErr=0.1422
    self_attn.z_proj [4096x4096] W4 quantized in 0.6s
  Updating hidden states for next layer...
  Layer 24 done in 47.2s

======================================================================
[LAYER 25/31] type=lightning-attn  bits=4
======================================================================
  Linears to quantize: ['mlp.down_proj', 'mlp.gate_proj', 'mlp.up_proj', 'self_attn.k_proj', 'self_attn.o_proj', 'self_attn.q_proj', 'self_attn.v_proj', 'self_attn.z_proj']
  Collecting Hessians (96 samples)...
  Applying SmoothQuant channel equalization (alpha=0.5)...
  Smoothed [input_layernorm] -> ['self_attn.k_proj', 'self_attn.q_proj', 'self_attn.v_proj', 'self_attn.z_proj'] | s: min=0.1670 max=3.7339 std=0.1216
  Smoothed [o_norm] -> [o_proj] | s: min=0.3796 max=2.7847 std=0.1539
  Smoothed [post_attn_layernorm] -> ['mlp.gate_proj', 'mlp.up_proj'] | s: min=0.1837 max=2.7561 std=0.1084
  Smoothed [up_proj] -> [down_proj] | s: min=0.3170 max=3.4879 std=0.2106
  Running GPTQ quantization (bits=4, group_size=128)...
    mlp.down_proj MSE=1.549233e-05 RelErr=0.1560
    mlp.down_proj [4096x16384] W4 quantized in 2.7s
    mlp.gate_proj MSE=1.226734e-05 RelErr=0.1485
    mlp.gate_proj [16384x4096] W4 quantized in 0.6s
    mlp.up_proj MSE=1.429797e-05 RelErr=0.1403
    mlp.up_proj [16384x4096] W4 quantized in 0.6s
    self_attn.k_proj MSE=2.054093e-05 RelErr=0.1773
    self_attn.k_proj [4096x4096] W4 quantized in 0.9s
    self_attn.o_proj MSE=1.130373e-05 RelErr=0.1379
    self_attn.o_proj [4096x4096] W4 quantized in 0.6s
    self_attn.q_proj MSE=1.458832e-05 RelErr=0.1554
    self_attn.q_proj [4096x4096] W4 quantized in 0.6s
    self_attn.v_proj MSE=1.272936e-05 RelErr=0.1440
    self_attn.v_proj [4096x4096] W4 quantized in 0.6s
    self_attn.z_proj MSE=1.081755e-05 RelErr=0.1429
    self_attn.z_proj [4096x4096] W4 quantized in 0.6s
  Updating hidden states for next layer...
  Layer 25 done in 49.7s

======================================================================
[LAYER 26/31] type=lightning-attn  bits=4
======================================================================
  Linears to quantize: ['mlp.down_proj', 'mlp.gate_proj', 'mlp.up_proj', 'self_attn.k_proj', 'self_attn.o_proj', 'self_attn.q_proj', 'self_attn.v_proj', 'self_attn.z_proj']
  Collecting Hessians (96 samples)...
  Applying SmoothQuant channel equalization (alpha=0.5)...
  Smoothed [input_layernorm] -> ['self_attn.k_proj', 'self_attn.q_proj', 'self_attn.v_proj', 'self_attn.z_proj'] | s: min=0.2269 max=2.8145 std=0.1640
  Smoothed [o_norm] -> [o_proj] | s: min=0.3076 max=2.0323 std=0.1872
  Smoothed [post_attn_layernorm] -> ['mlp.gate_proj', 'mlp.up_proj'] | s: min=0.2635 max=2.3853 std=0.1092
  Smoothed [up_proj] -> [down_proj] | s: min=0.3589 max=3.6233 std=0.2051
  Running GPTQ quantization (bits=4, group_size=128)...
    mlp.down_proj MSE=1.435930e-05 RelErr=0.1487
    mlp.down_proj [4096x16384] W4 quantized in 2.8s
    mlp.gate_proj MSE=1.180312e-05 RelErr=0.1448
    mlp.gate_proj [16384x4096] W4 quantized in 0.6s
    mlp.up_proj MSE=1.379401e-05 RelErr=0.1383
    mlp.up_proj [16384x4096] W4 quantized in 0.6s
    self_attn.k_proj MSE=2.814209e-05 RelErr=0.1940
    self_attn.k_proj [4096x4096] W4 quantized in 0.6s
    self_attn.o_proj MSE=1.104605e-05 RelErr=0.1333
    self_attn.o_proj [4096x4096] W4 quantized in 0.6s
    self_attn.q_proj MSE=1.606243e-05 RelErr=0.1600
    self_attn.q_proj [4096x4096] W4 quantized in 0.6s
    self_attn.v_proj MSE=2.152767e-05 RelErr=0.1876
    self_attn.v_proj [4096x4096] W4 quantized in 0.6s
    self_attn.z_proj MSE=1.191130e-05 RelErr=0.1459
    self_attn.z_proj [4096x4096] W4 quantized in 0.6s
  Updating hidden states for next layer...
  Layer 26 done in 47.4s

======================================================================
[LAYER 27/31] type=lightning-attn  bits=4
======================================================================
  Linears to quantize: ['mlp.down_proj', 'mlp.gate_proj', 'mlp.up_proj', 'self_attn.k_proj', 'self_attn.o_proj', 'self_attn.q_proj', 'self_attn.v_proj', 'self_attn.z_proj']
  Collecting Hessians (96 samples)...
  Applying SmoothQuant channel equalization (alpha=0.5)...
  Smoothed [input_layernorm] -> ['self_attn.k_proj', 'self_attn.q_proj', 'self_attn.v_proj', 'self_attn.z_proj'] | s: min=0.1909 max=3.2057 std=0.1133
  Smoothed [o_norm] -> [o_proj] | s: min=0.2457 max=2.5434 std=0.1981
  Smoothed [post_attn_layernorm] -> ['mlp.gate_proj', 'mlp.up_proj'] | s: min=0.0889 max=2.5093 std=0.1086
  Smoothed [up_proj] -> [down_proj] | s: min=0.4100 max=2.7315 std=0.1944
  Running GPTQ quantization (bits=4, group_size=128)...
    mlp.down_proj MSE=1.406408e-05 RelErr=0.1465
    mlp.down_proj [4096x16384] W4 quantized in 2.8s
    mlp.gate_proj MSE=1.159092e-05 RelErr=0.1440
    mlp.gate_proj [16384x4096] W4 quantized in 0.6s
    mlp.up_proj MSE=1.383736e-05 RelErr=0.1382
    mlp.up_proj [16384x4096] W4 quantized in 0.6s
    self_attn.k_proj MSE=1.704030e-05 RelErr=0.1675
    self_attn.k_proj [4096x4096] W4 quantized in 0.6s
    self_attn.o_proj MSE=1.204825e-05 RelErr=0.1412
    self_attn.o_proj [4096x4096] W4 quantized in 0.6s
    self_attn.q_proj MSE=1.479267e-05 RelErr=0.1583
    self_attn.q_proj [4096x4096] W4 quantized in 0.6s
    self_attn.v_proj MSE=1.273976e-05 RelErr=0.1446
    self_attn.v_proj [4096x4096] W4 quantized in 0.6s
    self_attn.z_proj MSE=1.116944e-05 RelErr=0.1433
    self_attn.z_proj [4096x4096] W4 quantized in 0.6s
  Updating hidden states for next layer...
  Layer 27 done in 47.2s

======================================================================
[LAYER 28/31] type=lightning-attn  bits=4
======================================================================
  Linears to quantize: ['mlp.down_proj', 'mlp.gate_proj', 'mlp.up_proj', 'self_attn.k_proj', 'self_attn.o_proj', 'self_attn.q_proj', 'self_attn.v_proj', 'self_attn.z_proj']
  Collecting Hessians (96 samples)...
  Applying SmoothQuant channel equalization (alpha=0.5)...
  Smoothed [input_layernorm] -> ['self_attn.k_proj', 'self_attn.q_proj', 'self_attn.v_proj', 'self_attn.z_proj'] | s: min=0.5971 max=3.2297 std=0.1577
  Smoothed [o_norm] -> [o_proj] | s: min=0.1811 max=3.3327 std=0.1983
  Smoothed [post_attn_layernorm] -> ['mlp.gate_proj', 'mlp.up_proj'] | s: min=0.0331 max=2.2790 std=0.1122
  Smoothed [up_proj] -> [down_proj] | s: min=0.3235 max=2.8417 std=0.1849
  Running GPTQ quantization (bits=4, group_size=128)...
    mlp.down_proj MSE=1.373649e-05 RelErr=0.1438
    mlp.down_proj [4096x16384] W4 quantized in 2.7s
    mlp.gate_proj MSE=1.138372e-05 RelErr=0.1432
    mlp.gate_proj [16384x4096] W4 quantized in 0.6s
    mlp.up_proj MSE=1.400023e-05 RelErr=0.1384
    mlp.up_proj [16384x4096] W4 quantized in 0.6s
    self_attn.k_proj MSE=2.832500e-05 RelErr=0.2016
    self_attn.k_proj [4096x4096] W4 quantized in 0.6s
    self_attn.o_proj MSE=1.274122e-05 RelErr=0.1462
    self_attn.o_proj [4096x4096] W4 quantized in 0.6s
    self_attn.q_proj MSE=1.655944e-05 RelErr=0.1635
    self_attn.q_proj [4096x4096] W4 quantized in 0.6s
    self_attn.v_proj MSE=1.859794e-05 RelErr=0.1789
    self_attn.v_proj [4096x4096] W4 quantized in 0.6s
    self_attn.z_proj MSE=1.234159e-05 RelErr=0.1480
    self_attn.z_proj [4096x4096] W4 quantized in 0.6s
  Updating hidden states for next layer...
  Layer 28 done in 49.7s

======================================================================
[LAYER 29/31] type=minicpm4  bits=4
======================================================================
  Linears to quantize: ['mlp.down_proj', 'mlp.gate_proj', 'mlp.up_proj', 'self_attn.k_proj', 'self_attn.o_gate', 'self_attn.o_proj', 'self_attn.q_proj', 'self_attn.v_proj']
  Collecting Hessians (96 samples)...
  Applying SmoothQuant channel equalization (alpha=0.5)...
  Smoothed [input_layernorm] -> ['self_attn.k_proj', 'self_attn.o_gate', 'self_attn.q_proj', 'self_attn.v_proj'] | s: min=0.6818 max=5.1758 std=0.2642
  Smoothed [post_attn_layernorm] -> ['mlp.gate_proj', 'mlp.up_proj'] | s: min=0.1274 max=2.3610 std=0.1089
  Smoothed [up_proj] -> [down_proj] | s: min=0.3143 max=2.8655 std=0.1945
  Running GPTQ quantization (bits=4, group_size=128)...
    mlp.down_proj MSE=1.395645e-05 RelErr=0.1438
    mlp.down_proj [4096x16384] W4 quantized in 2.8s
    mlp.gate_proj MSE=1.095016e-05 RelErr=0.1416
    mlp.gate_proj [16384x4096] W4 quantized in 0.6s
    mlp.up_proj MSE=1.403931e-05 RelErr=0.1373
    mlp.up_proj [16384x4096] W4 quantized in 0.6s
    self_attn.k_proj MSE=2.766230e-05 RelErr=0.2649
    self_attn.k_proj [256x4096] W4 quantized in 0.6s
    self_attn.o_gate MSE=1.801182e-05 RelErr=0.1759
    self_attn.o_gate [4096x4096] W4 quantized in 0.6s
    self_attn.o_proj MSE=1.442991e-05 RelErr=0.1346
    self_attn.o_proj [4096x4096] W4 quantized in 0.6s
    self_attn.q_proj MSE=1.723107e-05 RelErr=0.1808
    self_attn.q_proj [4096x4096] W4 quantized in 0.6s
    self_attn.v_proj MSE=1.218990e-04 RelErr=0.2410
    self_attn.v_proj [256x4096] W4 quantized in 0.6s
  Updating hidden states for next layer...
  Layer 29 done in 55.8s

======================================================================
[LAYER 30/31] type=minicpm4  bits=4
======================================================================
  Linears to quantize: ['mlp.down_proj', 'mlp.gate_proj', 'mlp.up_proj', 'self_attn.k_proj', 'self_attn.o_gate', 'self_attn.o_proj', 'self_attn.q_proj', 'self_attn.v_proj']
  Collecting Hessians (96 samples)...
  Applying SmoothQuant channel equalization (alpha=0.5)...
  Smoothed [input_layernorm] -> ['self_attn.k_proj', 'self_attn.o_gate', 'self_attn.q_proj', 'self_attn.v_proj'] | s: min=0.6009 max=5.7412 std=0.2897
  Smoothed [post_attn_layernorm] -> ['mlp.gate_proj', 'mlp.up_proj'] | s: min=0.1476 max=2.6299 std=0.1204
  Smoothed [up_proj] -> [down_proj] | s: min=0.2911 max=4.0281 std=0.2264
  Running GPTQ quantization (bits=4, group_size=128)...
    mlp.down_proj MSE=1.409874e-05 RelErr=0.1471
    mlp.down_proj [4096x16384] W4 quantized in 2.8s
    mlp.gate_proj MSE=1.090238e-05 RelErr=0.1415
    mlp.gate_proj [16384x4096] W4 quantized in 0.7s
    mlp.up_proj MSE=1.449051e-05 RelErr=0.1374
    mlp.up_proj [16384x4096] W4 quantized in 0.6s
    self_attn.k_proj MSE=2.974190e-05 RelErr=0.2790
    self_attn.k_proj [256x4096] W4 quantized in 0.6s
    self_attn.o_gate MSE=2.439871e-05 RelErr=0.1936
    self_attn.o_gate [4096x4096] W4 quantized in 0.6s
    self_attn.o_proj MSE=1.938437e-05 RelErr=0.1494
    self_attn.o_proj [4096x4096] W4 quantized in 0.6s
    self_attn.q_proj MSE=2.191794e-05 RelErr=0.1971
    self_attn.q_proj [4096x4096] W4 quantized in 0.6s
    self_attn.v_proj MSE=3.150920e-04 RelErr=0.2829
    self_attn.v_proj [256x4096] W4 quantized in 0.6s
  Updating hidden states for next layer...
  Layer 30 done in 67.2s

======================================================================
[LAYER 31/31] type=minicpm4  bits=4
======================================================================
  Linears to quantize: ['mlp.down_proj', 'mlp.gate_proj', 'mlp.up_proj', 'self_attn.k_proj', 'self_attn.o_gate', 'self_attn.o_proj', 'self_attn.q_proj', 'self_attn.v_proj']
  Collecting Hessians (96 samples)...
  Applying SmoothQuant channel equalization (alpha=0.5)...
  Smoothed [input_layernorm] -> ['self_attn.k_proj', 'self_attn.o_gate', 'self_attn.q_proj', 'self_attn.v_proj'] | s: min=0.7139 max=4.2827 std=0.2113
  Smoothed [post_attn_layernorm] -> ['mlp.gate_proj', 'mlp.up_proj'] | s: min=0.0396 max=2.7179 std=0.1377
  Smoothed [up_proj] -> [down_proj] | s: min=0.1140 max=3.6770 std=0.3308
  Running GPTQ quantization (bits=4, group_size=128)...
    mlp.down_proj MSE=1.411628e-05 RelErr=0.1576
    mlp.down_proj [4096x16384] W4 quantized in 2.7s
    mlp.gate_proj MSE=1.084945e-05 RelErr=0.1402
    mlp.gate_proj [16384x4096] W4 quantized in 0.6s
    mlp.up_proj MSE=1.813866e-05 RelErr=0.1405
    mlp.up_proj [16384x4096] W4 quantized in 0.6s
    self_attn.k_proj MSE=1.672592e-05 RelErr=0.2562
    self_attn.k_proj [256x4096] W4 quantized in 0.6s
    self_attn.o_gate MSE=1.162896e-05 RelErr=0.1496
    self_attn.o_gate [4096x4096] W4 quantized in 0.6s
    self_attn.o_proj MSE=1.338827e-05 RelErr=0.1338
    self_attn.o_proj [4096x4096] W4 quantized in 0.6s
    self_attn.q_proj MSE=1.652860e-05 RelErr=0.1894
    self_attn.q_proj [4096x4096] W4 quantized in 0.6s
    self_attn.v_proj MSE=3.254708e-05 RelErr=0.1373
    self_attn.v_proj [256x4096] W4 quantized in 0.6s
  Updating hidden states for next layer...
  Layer 31 done in 56.9s

======================================================================
[INFO] Phase 3: Processing final norm + lm_head...
======================================================================

======================================================================
[INFO] Phase 4: Saving quantized model to /home/work/compass_max_posttrain_1/.cz/sala/model_gptq_int4_dense_smooth
======================================================================
  Total model size: 5.42 GB
  Saved model-00001-of-00002.safetensors
  Saved model-00002-of-00002.safetensors
  Saved weights in safetensors format
  All files saved to /home/work/compass_max_posttrain_1/.cz/sala/model_gptq_int4_dense_smooth

[INFO] Quantization complete!

[INFO] Total time: 29.8 minutes
