nohup: ignoring input
[INFO] Using Random Seed: 31499
======================================================================
Standalone GPTQ Quantizer for MiniCPM-SALA (Mixed Precision)
======================================================================
  Input:           /opt/model
  Output:          /opt/model_gptq_int4_flashinfer_dense
  Default bits:    4
  Symmetric:       True
  minicpm4 bits:   (use default)
  lightning bits:  (use default)
  layer-bits:      (none)
  Group size:      128
  Damping:         0.01
  Calib data:      /opt/oldMoney-Project/quantization/calibration_dense/calib_dense_96.jsonl
  Max samples:     96
  Max length:      131072
  Quant lm_head:   False

  Layer    Type                 Bits  
  ----------------------------------
  0        minicpm4             W4    
  1        lightning-attn       W4    
  2        lightning-attn       W4    
  3        lightning-attn       W4    
  4        lightning-attn       W4    
  5        lightning-attn       W4    
  6        lightning-attn       W4    
  7        lightning-attn       W4    
  8        lightning-attn       W4    
  9        minicpm4             W4    
  10       lightning-attn       W4    
  11       lightning-attn       W4    
  12       lightning-attn       W4    
  13       lightning-attn       W4    
  14       lightning-attn       W4    
  15       lightning-attn       W4    
  16       minicpm4             W4    
  17       minicpm4             W4    
  18       lightning-attn       W4    
  19       lightning-attn       W4    
  20       lightning-attn       W4    
  21       lightning-attn       W4    
  22       minicpm4             W4    
  23       lightning-attn       W4    
  24       lightning-attn       W4    
  25       lightning-attn       W4    
  26       lightning-attn       W4    
  27       lightning-attn       W4    
  28       lightning-attn       W4    
  29       minicpm4             W4    
  30       minicpm4             W4    
  31       minicpm4             W4    

  Summary: 32 W4 | 0 W8 | 0 FP16
======================================================================
[INFO] Using device: cuda:0
[INFO] Loading tokenizer from /opt/model...
[INFO] Loaded 96 calibration samples (max_len=131072)
[INFO] Loading model from /opt/model (CPU)...
Skipping import of cpp extensions due to incompatible torch version 2.8.0+cu128 for torchao version 0.16.0             Please see https://github.com/pytorch/ao/issues/2919 for more info
Current Python version 3.10 is below the recommended 3.11 version. It is recommended to upgrade to Python 3.11 or higher for the best experience.
`torch_dtype` is deprecated! Use `dtype` instead!
Loading checkpoint shards:   0%|                                                                                                                     | 0/4 [00:00<?, ?it/s]Loading checkpoint shards: 100%|█████████████████████████████████████████████████████████████████████████████████████████████████████████████| 4/4 [00:00<00:00, 88.65it/s]
[INFO] Model has 32 layers
[INFO] Phase 1: Computing initial hidden states (embedding)...
/opt/oldMoney-Project/quantization/GPTQ_int4_flashinfer_dense_gpu.py:286: FutureWarning: `torch.distributed.reduce_op` is deprecated, please use `torch.distributed.ReduceOp` instead
  if isinstance(obj, functools._lru_cache_wrapper):

======================================================================
[LAYER 0/31] type=minicpm4  bits=4
======================================================================
  Linears to quantize: ['mlp.down_proj', 'mlp.gate_proj', 'mlp.up_proj', 'self_attn.k_proj', 'self_attn.o_gate', 'self_attn.o_proj', 'self_attn.q_proj', 'self_attn.v_proj']
  Collecting Hessians (96 samples)...
  Running GPTQ quantization (bits=4, group_size=128)...
    mlp.down_proj MSE=2.111571e-05 RelErr=0.2187
    mlp.down_proj [4096x16384] W4 quantized in 4.9s
    mlp.gate_proj MSE=6.078582e-06 RelErr=0.1544
    mlp.gate_proj [16384x4096] W4 quantized in 0.9s
    mlp.up_proj MSE=8.529703e-06 RelErr=0.1495
    mlp.up_proj [16384x4096] W4 quantized in 0.9s
    self_attn.k_proj MSE=4.010925e-06 RelErr=0.1979
    self_attn.k_proj [256x4096] W4 quantized in 0.9s
    self_attn.o_gate MSE=1.098715e-05 RelErr=0.1678
    self_attn.o_gate [4096x4096] W4 quantized in 0.9s
    self_attn.o_proj MSE=1.399926e-05 RelErr=0.1921
    self_attn.o_proj [4096x4096] W4 quantized in 0.9s
    self_attn.q_proj MSE=5.282114e-06 RelErr=0.1639
    self_attn.q_proj [4096x4096] W4 quantized in 0.9s
    self_attn.v_proj MSE=8.899039e-06 RelErr=0.1979
    self_attn.v_proj [256x4096] W4 quantized in 0.9s
  Updating hidden states for next layer...
  Layer 0 done in 319.2s

======================================================================
[LAYER 1/31] type=lightning-attn  bits=4
======================================================================
  Linears to quantize: ['mlp.down_proj', 'mlp.gate_proj', 'mlp.up_proj', 'self_attn.k_proj', 'self_attn.o_proj', 'self_attn.q_proj', 'self_attn.v_proj', 'self_attn.z_proj']
  Collecting Hessians (96 samples)...
/opt/oldMoney-Project/quantization/GPTQ_int4_flashinfer_dense_gpu.py:286: FutureWarning: `torch.distributed.reduce_op` is deprecated, please use `torch.distributed.ReduceOp` instead
  if isinstance(obj, functools._lru_cache_wrapper):
  Running GPTQ quantization (bits=4, group_size=128)...
    mlp.down_proj MSE=1.635761e-05 RelErr=0.1793
    mlp.down_proj [4096x16384] W4 quantized in 4.7s
    mlp.gate_proj MSE=8.550075e-06 RelErr=0.1516
    mlp.gate_proj [16384x4096] W4 quantized in 0.9s
    mlp.up_proj MSE=9.033478e-06 RelErr=0.1473
    mlp.up_proj [16384x4096] W4 quantized in 0.9s
    self_attn.k_proj MSE=7.625885e-06 RelErr=0.1877
    self_attn.k_proj [4096x4096] W4 quantized in 0.9s
    self_attn.o_proj MSE=1.080603e-05 RelErr=0.1644
    self_attn.o_proj [4096x4096] W4 quantized in 0.9s
    self_attn.q_proj MSE=7.625156e-06 RelErr=0.1839
    self_attn.q_proj [4096x4096] W4 quantized in 0.9s
    self_attn.v_proj MSE=9.969979e-06 RelErr=0.1713
    self_attn.v_proj [4096x4096] W4 quantized in 0.9s
    self_attn.z_proj MSE=9.514739e-06 RelErr=0.1677
    self_attn.z_proj [4096x4096] W4 quantized in 0.9s
  Updating hidden states for next layer...
  Layer 1 done in 337.9s

======================================================================
[LAYER 2/31] type=lightning-attn  bits=4
======================================================================
  Linears to quantize: ['mlp.down_proj', 'mlp.gate_proj', 'mlp.up_proj', 'self_attn.k_proj', 'self_attn.o_proj', 'self_attn.q_proj', 'self_attn.v_proj', 'self_attn.z_proj']
  Collecting Hessians (96 samples)...
  Running GPTQ quantization (bits=4, group_size=128)...
    mlp.down_proj MSE=1.530728e-05 RelErr=0.1673
    mlp.down_proj [4096x16384] W4 quantized in 4.7s
    mlp.gate_proj MSE=9.756219e-06 RelErr=0.1438
    mlp.gate_proj [16384x4096] W4 quantized in 0.9s
    mlp.up_proj MSE=9.812133e-06 RelErr=0.1436
    mlp.up_proj [16384x4096] W4 quantized in 0.9s
    self_attn.k_proj MSE=1.015623e-05 RelErr=0.1684
    self_attn.k_proj [4096x4096] W4 quantized in 0.9s
    self_attn.o_proj MSE=1.049126e-05 RelErr=0.1427
    self_attn.o_proj [4096x4096] W4 quantized in 0.9s
    self_attn.q_proj MSE=1.017053e-05 RelErr=0.1671
    self_attn.q_proj [4096x4096] W4 quantized in 0.9s
    self_attn.v_proj MSE=1.220819e-05 RelErr=0.1550
    self_attn.v_proj [4096x4096] W4 quantized in 0.9s
    self_attn.z_proj MSE=1.021360e-05 RelErr=0.1548
    self_attn.z_proj [4096x4096] W4 quantized in 0.9s
  Updating hidden states for next layer...
  Layer 2 done in 306.7s

======================================================================
[LAYER 3/31] type=lightning-attn  bits=4
======================================================================
  Linears to quantize: ['mlp.down_proj', 'mlp.gate_proj', 'mlp.up_proj', 'self_attn.k_proj', 'self_attn.o_proj', 'self_attn.q_proj', 'self_attn.v_proj', 'self_attn.z_proj']
  Collecting Hessians (96 samples)...
  Running GPTQ quantization (bits=4, group_size=128)...
    mlp.down_proj MSE=1.101564e-05 RelErr=0.1433
    mlp.down_proj [4096x16384] W4 quantized in 4.7s
    mlp.gate_proj MSE=1.095669e-05 RelErr=0.1391
    mlp.gate_proj [16384x4096] W4 quantized in 0.9s
    mlp.up_proj MSE=9.685884e-06 RelErr=0.1394
    mlp.up_proj [16384x4096] W4 quantized in 0.9s
    self_attn.k_proj MSE=1.165861e-05 RelErr=0.1554
    self_attn.k_proj [4096x4096] W4 quantized in 0.9s
    self_attn.o_proj MSE=9.886395e-06 RelErr=0.1342
    self_attn.o_proj [4096x4096] W4 quantized in 0.9s
    self_attn.q_proj MSE=1.126101e-05 RelErr=0.1525
    self_attn.q_proj [4096x4096] W4 quantized in 0.9s
    self_attn.v_proj MSE=1.211829e-05 RelErr=0.1461
    self_attn.v_proj [4096x4096] W4 quantized in 0.9s
    self_attn.z_proj MSE=1.000220e-05 RelErr=0.1437
    self_attn.z_proj [4096x4096] W4 quantized in 0.9s
  Updating hidden states for next layer...
  Layer 3 done in 304.9s

======================================================================
[LAYER 4/31] type=lightning-attn  bits=4
======================================================================
  Linears to quantize: ['mlp.down_proj', 'mlp.gate_proj', 'mlp.up_proj', 'self_attn.k_proj', 'self_attn.o_proj', 'self_attn.q_proj', 'self_attn.v_proj', 'self_attn.z_proj']
  Collecting Hessians (96 samples)...
